<html>
<body>
<pre>
<h1>µVision Build Log</h1>
<h2>Tool Versions:</h2>
IDE-Version: ¦ÌVision V5.36.0.0
Copyright (C) 2021 ARM Ltd and ARM Germany GmbH. All rights reserved.
License Information: 1 1, 1, LIC=8MZI6-DTNSP-9Z3WW-Q4IQW-RX7RA-6LUDX
 
Tool Versions:
Toolchain:       MDK-ARM Professional  Version: 5.36.0.0
Toolchain Path:  C:\Keil_v5\ARM\ARMCC\Bin
C Compiler:      Armcc.exe V5.06 update 7 (build 960)
Assembler:       Armasm.exe V5.06 update 7 (build 960)
Linker/Locator:  ArmLink.exe V5.06 update 7 (build 960)
Library Manager: ArmAr.exe V5.06 update 7 (build 960)
Hex Converter:   FromElf.exe V5.06 update 7 (build 960)
CPU DLL:         SARMCM3.DLL V5.36.0.0
Dialog DLL:      DCM.DLL V1.17.3.0
Target DLL:      CMSIS_AGDI.dll V1.33.0.0
Dialog DLL:      TCM.DLL V1.53.0.0
 
<h2>Project:</h2>
D:\Ìæ»»ÆÁÄ»Çý¶¯\¾É°æ°¢²¨ÂÞF429\4£¬³ÌÐòÔ´Âë\3£¬À©Õ¹Àý³Ì\2£¬LWIPÀ©Õ¹Àý³Ì\ÍøÂçÊµÑé1 LWIPÎÞ²Ù×÷ÏµÍ³ÒÆÖ²\USER\NETWORK.uvprojx
Project File Date:  06/08/2023

<h2>Output:</h2>
*** Using Compiler 'V5.06 update 7 (build 960)', folder: 'C:\Keil_v5\ARM\ARMCC\Bin'
Build target 'NETWORK'
assembling startup_stm32f429xx.s...
compiling stm32f4xx_it.c...
compiling system_stm32f4xx.c...
compiling stm32f4xx_hal_pwr_ex.c...
compiling stm32f4xx_hal.c...
compiling stm32f4xx_hal_dma_ex.c...
compiling stm32f4xx_hal_pwr.c...
compiling main.c...
compiling stm32f4xx_hal_cortex.c...
compiling stm32f4xx_hal_rcc_ex.c...
compiling stm32f4xx_hal_dma.c...
compiling stm32f4xx_hal_gpio.c...
compiling stm32f4xx_hal_rcc.c...
compiling stm32f4xx_hal_usart.c...
compiling stm32f4xx_hal_uart.c...
compiling stm32f4xx_hal_tim.c...
compiling stm32f4xx_hal_sram.c...
compiling stm32f4xx_hal_sdram.c...
compiling stm32f4xx_ll_fmc.c...
compiling stm32f4xx_hal_tim_ex.c...
compiling stm32f4xx_hal_ltdc_ex.c...
compiling sys.c...
compiling delay.c...
compiling usart.c...
compiling led.c...
compiling stm32f4xx_hal_ltdc.c...
compiling key.c...
compiling stm32f4xx_hal_dma2d.c...
compiling sdram.c...
compiling pcf8574.c...
compiling myiic.c...
compiling stm32f4xx_hal_eth.c...
compiling lan8720.c...
compiling ltdc.c...
compiling autoip.c...
compiling timer.c...
compiling igmp.c...
compiling inet.c...
compiling inet_chksum.c...
compiling icmp.c...
compiling ip.c...
compiling lcd.c...
compiling etharp.c...
compiling usmart.c...
compiling usmart_str.c...
compiling ip_addr.c...
compiling usmart_config.c...
compiling malloc.c...
compiling def.c...
compiling dns.c...
compiling ethernetif.c...
compiling ip_frag.c...
compiling lwip_comm.c...
compiling lwip_sys.c...
compiling init.c...
compiling mem.c...
compiling memp.c...
compiling netif.c...
compiling stats.c...
compiling raw.c...
compiling dhcp.c...
compiling pbuf.c...
compiling timers.c...
compiling api_msg.c...
compiling api_lib.c...
compiling err.c...
compiling netbuf.c...
compiling udp.c...
compiling netifapi.c...
compiling netdb.c...
compiling tcp.c...
compiling tcpip.c...
compiling sockets.c...
compiling tcp_out.c...
..\LWIP\lwip-1.4.1\src\core\tcp_out.c(845): warning:  #550-D: variable "tcphdr"  was set but never used
    struct tcp_hdr *tcphdr;
..\LWIP\lwip-1.4.1\src\core\tcp_out.c(1367): warning:  #550-D: variable "tcphdr"  was set but never used
    struct tcp_hdr *tcphdr;
..\LWIP\lwip-1.4.1\src\core\tcp_out.c: 2 warnings, 0 errors
compiling tcp_in.c...
compiling sys_arch.c...
linking...
Program Size: Code=67078 RO-data=19542 RW-data=576 ZI-data=33681184  
FromELF: creating hex file...
"..\OBJ\Tempate.axf" - 0 Error(s), 2 Warning(s).

<h2>Software Packages used:</h2>

Package Vendor: Keil
                http://www.keil.com/pack/Keil.STM32F4xx_DFP.2.15.0.pack
                Keil.STM32F4xx_DFP.2.15.0
                STMicroelectronics STM32F4 Series Device Support, Drivers and Examples

<h2>Collection of Component include folders:</h2>
  C:\Users\adsa\AppData\Local\Arm\Packs\Keil\STM32F4xx_DFP\2.15.0\Drivers\CMSIS\Device\ST\STM32F4xx\Include

<h2>Collection of Component Files used:</h2>
Build Time Elapsed:  00:00:03
</pre>
</body>
</html>
