<html>
<body>
<pre>
<h1>µVision Build Log</h1>
<h2>Tool Versions:</h2>
IDE-Version: ¦ÌVision V5.36.0.0
Copyright (C) 2021 ARM Ltd and ARM Germany GmbH. All rights reserved.
License Information: 1 1, 1, LIC=8MZI6-DTNSP-9Z3WW-Q4IQW-RX7RA-6LUDX
 
Tool Versions:
Toolchain:       MDK-ARM Professional  Version: 5.36.0.0
Toolchain Path:  C:\Keil_v5\ARM\ARMCC\Bin
C Compiler:      Armcc.exe V5.06 update 7 (build 960)
Assembler:       Armasm.exe V5.06 update 7 (build 960)
Linker/Locator:  ArmLink.exe V5.06 update 7 (build 960)
Library Manager: ArmAr.exe V5.06 update 7 (build 960)
Hex Converter:   FromElf.exe V5.06 update 7 (build 960)
CPU DLL:         SARMCM3.DLL V5.36.0.0
Dialog DLL:      DCM.DLL V1.17.3.0
Target DLL:      CMSIS_AGDI.dll V1.33.0.0
Dialog DLL:      TCM.DLL V1.53.0.0
 
<h2>Project:</h2>
D:\Ìæ»»ÆÁÄ»Çý¶¯\¾É°æ°¢²¨ÂÞF429\4£¬³ÌÐòÔ´Âë\3£¬À©Õ¹Àý³Ì\3£¬EMWINÀ©Õ¹Àý³Ì\EMWINÊµÑé5 2D»æÍ¼\USER\STemWin.uvprojx
Project File Date:  06/09/2023

<h2>Output:</h2>
*** Using Compiler 'V5.06 update 7 (build 960)', folder: 'C:\Keil_v5\ARM\ARMCC\Bin'
Build target 'STemWin MCULCD'
assembling startup_stm32f429xx.s...
compiling system_stm32f4xx.c...
compiling stm32f4xx_hal.c...
compiling stm32f4xx_hal_dma_ex.c...
compiling stm32f4xx_hal_cortex.c...
compiling stm32f4xx_it.c...
compiling stm32f4xx_hal_pwr_ex.c...
compiling stm32f4xx_hal_gpio.c...
compiling stm32f4xx_hal_pwr.c...
compiling stm32f4xx_hal_dma.c...
compiling stm32f4xx_hal_rcc_ex.c...
compiling stm32f4xx_hal_uart.c...
compiling stm32f4xx_hal_rcc.c...
compiling stm32f4xx_hal_usart.c...
compiling stm32f4xx_hal_tim.c...
compiling main.c...
compiling stm32f4xx_hal_ltdc_ex.c...
compiling stm32f4xx_hal_sram.c...
compiling sys.c...
compiling stm32f4xx_hal_sdram.c...
compiling stm32f4xx_ll_fmc.c...
compiling led.c...
compiling stm32f4xx_hal_dma2d.c...
compiling stm32f4xx_hal_tim_ex.c...
compiling key.c...
compiling sdram.c...
compiling stm32f4xx_hal_ltdc.c...
compiling usart.c...
compiling delay.c...
compiling ltdc.c...
assembling cpu_a.asm...
compiling cpu_c.c...
compiling cpu_core.c...
compiling lib_ascii.c...
compiling lib_math.c...
compiling tftlcd.c...
compiling lib_str.c...
assembling lib_mem_a.asm...
compiling os_cfg_app.c...
compiling os_dbg.c...
compiling lib_mem.c...
compiling os_core.c...
compiling os_flag.c...
compiling os_int.c...
compiling os_mem.c...
compiling os_msg.c...
compiling os_prio.c...
compiling timer.c...
compiling os_pend_multi.c...
compiling os_mutex.c...
compiling 24cxx.c...
compiling myiic.c...
compiling os_q.c...
compiling malloc.c...
compiling ctiic.c...
compiling ott2001a.c...
compiling ft5206.c...
compiling gt9271.c...
compiling os_sem.c...
compiling bsp.c...
compiling os_tick.c...
compiling os_stat.c...
compiling gt9147.c...
compiling os_time.c...
assembling os_cpu_a.asm...
compiling os_var.c...
compiling os_tmr.c...
compiling os_cpu_c.c...
compiling os_task.c...
compiling touch.c...
compiling os_app_hooks.c...
compiling GUIConf.c...
compiling GUI_X_Touch_Analog.c...
compiling LCDConf_FlexColor_Template.c...
compiling 2ddisplay.c...
compiling GUIDRV_Template.c...
compiling GUI_X_UCOSIII.c...
linking...
Program Size: Code=109782 RO-data=52822 RW-data=1044 ZI-data=24422084  
FromELF: creating hex file...
"..\OBJ\Tempate.axf" - 0 Error(s), 0 Warning(s).

<h2>Software Packages used:</h2>

Package Vendor: Keil
                http://www.keil.com/pack/Keil.STM32F4xx_DFP.2.15.0.pack
                Keil.STM32F4xx_DFP.2.15.0
                STMicroelectronics STM32F4 Series Device Support, Drivers and Examples

<h2>Collection of Component include folders:</h2>
  C:\Users\adsa\AppData\Local\Arm\Packs\Keil\STM32F4xx_DFP\2.15.0\Drivers\CMSIS\Device\ST\STM32F4xx\Include

<h2>Collection of Component Files used:</h2>
Build Time Elapsed:  00:00:05
</pre>
</body>
</html>
