<html>
<body>
<pre>
<h1>礦ision Build Log</h1>
<h2>Tool Versions:</h2>
IDE-Version: μVision V5.27.1.0
Copyright (C) 2019 ARM Ltd and ARM Germany GmbH. All rights reserved.
License Information: wei thisway_diy, 100ask, LIC=----
 
Tool Versions:
Toolchain:       MDK-Lite  Version: 5.27.1.0
Toolchain Path:  C:\Keil_v5\ARM\ARMCC\Bin
C Compiler:      Armcc.exe V5.06 update 6 (build 750)
Assembler:       Armasm.exe V5.06 update 6 (build 750)
Linker/Locator:  ArmLink.exe V5.06 update 6 (build 750)
Library Manager: ArmAr.exe V5.06 update 6 (build 750)
Hex Converter:   FromElf.exe V5.06 update 6 (build 750)
CPU DLL:         SARMCM3.DLL V5.27.1.0
Dialog DLL:      DCM.DLL V1.17.2.0
Target DLL:      STLink\ST-LINKIII-KEIL_SWO.dll V3.0.6.0
Dialog DLL:      TCM.DLL V1.36.1.0
 
<h2>Project:</h2>
D:\abc\doc_and_source_for_mcu_mpu\STM32MF103\source\02_录制视频时现场编写的源码\08_relocate\03_uart_clear_bss\led_c.uvprojx
Project File Date:  11/04/2020

<h2>Output:</h2>
*** Using Compiler 'V5.06 update 6 (build 750)', folder: 'C:\Keil_v5\ARM\ARMCC\Bin'
Rebuild target 'led_c'
assembling start.s...
start.s(46): warning: A1581W: Added 2 bytes of padding at address 0x1e
compiling string.c...
compiling uart.c...
compiling main.c...
main.c(34): warning:  #167-D: argument of type "char *" is incompatible with parameter of type "unsigned int"
  	put_s_hex("g_Char's addr  = ", &g_Char);
main.c(35): warning:  #167-D: argument of type "const char *" is incompatible with parameter of type "unsigned int"
  	put_s_hex("g_Char2's addr = ", &g_Char2);
main.c(50): warning:  #111-D: statement is unreachable
  	return 0;
main.c: 3 warnings, 0 errors
linking...
Program Size: Code=944 RO-data=44 RW-data=4 ZI-data=184  
FromELF: creating hex file...
After Build - User command #1: fromelf  --bin  --output=led.bin  Objects\led_c.axf
After Build - User command #2: fromelf  --text  -a -c  --output=led.dis  Objects\led_c.axf
".\Objects\led_c.axf" - 0 Error(s), 4 Warning(s).

<h2>Software Packages used:</h2>

Package Vendor: Keil
                http://www.keil.com/pack/Keil.STM32F1xx_DFP.2.3.0.pack
                Keil.STM32F1xx_DFP.2.3.0
                STMicroelectronics STM32F1 Series Device Support, Drivers and Examples

<h2>Collection of Component include folders:</h2>
  .\RTE\_led_c
  C:\Users\thisway_diy\AppData\Local\Arm\Packs\Keil\STM32F1xx_DFP\2.3.0\Device\Include

<h2>Collection of Component Files used:</h2>
Build Time Elapsed:  00:00:01
</pre>
</body>
</html>
