<html>
<body>
<pre>
<h1>礦ision Build Log</h1>
<h2>Tool Versions:</h2>
IDE-Version: μVision V5.30.0.0
Copyright (C) 2020 ARM Ltd and ARM Germany GmbH. All rights reserved.
License Information: 123 123, 123, LIC=FYKYW-QWMZB-BSUYX-HI64I-ME3BV-1YH1B
 
Tool Versions:
Toolchain:       MDK-ARM Plus  Version: 5.30.0.0
Toolchain Path:  E:\Keil_v5\ARM\ARMCC\Bin
C Compiler:      Armcc.exe V5.06 update 6 (build 750)
Assembler:       Armasm.exe V5.06 update 6 (build 750)
Linker/Locator:  ArmLink.exe V5.06 update 6 (build 750)
Library Manager: ArmAr.exe V5.06 update 6 (build 750)
Hex Converter:   FromElf.exe V5.06 update 6 (build 750)
CPU DLL:         SARMCM3.DLL V5.30.0.0
Dialog DLL:      DCM.DLL V1.17.3.0
Target DLL:      STLink\ST-LINKIII-KEIL_SWO.dll V3.0.7.0
Dialog DLL:      TCM.DLL V1.42.0.0
 
<h2>Project:</h2>
E:\开发资料\正点原子开发板（资料维护-网盘）\【正点原子】阿波罗STM32F429开发板\3，扩展例程\2，LWIP扩展例程\网络实验4 RAW_TCP客户端实验\USER\NETWORK.uvprojx
Project File Date:  12/07/2020

<h2>Output:</h2>
*** Using Compiler 'V5.06 update 6 (build 750)', folder: 'E:\Keil_v5\ARM\ARMCC\Bin'
Rebuild target 'NETWORK'
assembling startup_stm32f429xx.s...
compiling stm32f4xx_it.c...
compiling system_stm32f4xx.c...
compiling stm32f4xx_hal.c...
compiling main.c...
compiling stm32f4xx_hal_pwr.c...
compiling stm32f4xx_hal_cortex.c...
compiling stm32f4xx_hal_pwr_ex.c...
compiling stm32f4xx_hal_gpio.c...
compiling stm32f4xx_hal_uart.c...
compiling stm32f4xx_hal_rcc_ex.c...
compiling stm32f4xx_hal_usart.c...
compiling stm32f4xx_hal_rcc.c...
compiling stm32f4xx_hal_dma_ex.c...
compiling stm32f4xx_hal_dma.c...
compiling stm32f4xx_hal_tim_ex.c...
compiling stm32f4xx_hal_tim.c...
compiling stm32f4xx_hal_sdram.c...
compiling stm32f4xx_ll_fmc.c...
compiling stm32f4xx_hal_sram.c...
compiling stm32f4xx_hal_ltdc.c...
compiling stm32f4xx_hal_ltdc_ex.c...
compiling delay.c...
compiling stm32f4xx_hal_eth.c...
compiling stm32f4xx_hal_dma2d.c...
compiling key.c...
compiling led.c...
compiling usart.c...
compiling sys.c...
compiling sdram.c...
compiling myiic.c...
compiling ltdc.c...
compiling lcd.c...
compiling timer.c...
compiling pcf8574.c...
compiling lan8720.c...
compiling usmart.c...
compiling usmart_config.c...
compiling usmart_str.c...
compiling malloc.c...
compiling etharp.c...
compiling lwip_comm.c...
compiling autoip.c...
compiling icmp.c...
compiling igmp.c...
compiling inet.c...
compiling inet_chksum.c...
compiling ip.c...
compiling ip_addr.c...
compiling ip_frag.c...
compiling def.c...
compiling dns.c...
compiling dhcp.c...
compiling init.c...
compiling lwip_sys.c...
compiling mem.c...
compiling memp.c...
compiling ethernetif.c...
compiling tcp_client_demo.c...
compiling netif.c...
compiling pbuf.c...
compiling stats.c...
compiling raw.c...
compiling tcp.c...
compiling timers.c...
compiling tcp_out.c...
..\LWIP\lwip-1.4.1\src\core\tcp_out.c(845): warning:  #550-D: variable "tcphdr"  was set but never used
    struct tcp_hdr *tcphdr;
..\LWIP\lwip-1.4.1\src\core\tcp_out.c(1367): warning:  #550-D: variable "tcphdr"  was set but never used
    struct tcp_hdr *tcphdr;
..\LWIP\lwip-1.4.1\src\core\tcp_out.c: 2 warnings, 0 errors
compiling tcp_in.c...
compiling udp.c...
compiling api_lib.c...
compiling api_msg.c...
compiling err.c...
compiling netbuf.c...
compiling netdb.c...
compiling netifapi.c...
compiling sockets.c...
compiling tcpip.c...
compiling sys_arch.c...
linking...
Program Size: Code=71130 RO-data=19586 RW-data=588 ZI-data=33682676  
FromELF: creating hex file...
"..\OBJ\Tempate.axf" - 0 Error(s), 2 Warning(s).

<h2>Software Packages used:</h2>

Package Vendor: Keil
                http://www.keil.com/pack/Keil.STM32F4xx_DFP.2.14.0.pack
                Keil.STM32F4xx_DFP.2.14.0
                STMicroelectronics STM32F4 Series Device Support, Drivers and Examples

<h2>Collection of Component include folders:</h2>
  .\RTE\_NETWORK
  E:\Keil_v5\Keil\STM32F4xx_DFP\2.14.0\Drivers\CMSIS\Device\ST\STM32F4xx\Include

<h2>Collection of Component Files used:</h2>
Build Time Elapsed:  00:00:38
</pre>
</body>
</html>
