<html>
<body>
<pre>
<h1>µVision Build Log</h1>
<h2>Tool Versions:</h2>
IDE-Version: ¦ÌVision V5.32.0.0
Copyright (C) 2020 ARM Ltd and ARM Germany GmbH. All rights reserved.
License Information: L Andy, School, LIC=JL28G-V1A7T-9U44U-SNFRG-JPC1S-WVZYM
 
Tool Versions:
Toolchain:       MDK-ARM Plus  Version: 5.32.0.0
Toolchain Path:  D:\CodeIDE\Keil\ARM\ARMCC\Bin
C Compiler:      Armcc.exe V5.06 update 7 (build 960)
Assembler:       Armasm.exe V5.06 update 7 (build 960)
Linker/Locator:  ArmLink.exe V5.06 update 7 (build 960)
Library Manager: ArmAr.exe V5.06 update 7 (build 960)
Hex Converter:   FromElf.exe V5.06 update 7 (build 960)
CPU DLL:         SARMCM3.DLL V5.32.0.0
Dialog DLL:      DCM.DLL V1.17.3.0
Target DLL:      STLink\ST-LINKIII-KEIL_SWO.dll V3.0.8.0
Dialog DLL:      TCM.DLL V1.46.0.0
 
<h2>Project:</h2>
C:\Users\slh95\Desktop\UART\Project\UART_Reg.uvprojx
Project File Date:  10/19/2020

<h2>Output:</h2>
*** Using Compiler 'V5.06 update 7 (build 960)', folder: 'D:\CodeIDE\Keil\ARM\ARMCC\Bin'
Build target 'UART_Reg'
compiling main.c...
..\CPU\stm32f103ze.h(146): warning:  #1-D: last line of file ends without a newline
  #endif
..\Driver\driver_uart.h(14): warning:  #1-D: last line of file ends without a newline
  #endif
..\Main\main.c(111): warning:  #1-D: last line of file ends without a newline
  }
..\Main\main.c: 3 warnings, 0 errors
linking...
Program Size: Code=5016 RO-data=608 RW-data=136 ZI-data=1632  
FromELF: creating hex file...
".\Objects\UART_Reg.axf" - 0 Error(s), 3 Warning(s).

<h2>Software Packages used:</h2>

Package Vendor: Keil
                http://www.keil.com/pack/Keil.STM32F1xx_DFP.2.3.0.pack
                Keil.STM32F1xx_DFP.2.3.0
                STMicroelectronics STM32F1 Series Device Support, Drivers and Examples

<h2>Collection of Component include folders:</h2>
  D:\CodeIDE\Keil\Keil\STM32F1xx_DFP\2.3.0\Device\Include

<h2>Collection of Component Files used:</h2>
Build Time Elapsed:  00:00:00
</pre>
</body>
</html>
