<html>
<body>
<pre>
<h1>礦ision Build Log</h1>
<h2>Tool Versions:</h2>
IDE-Version: μVision V5.36.0.0
Copyright (C) 2021 ARM Ltd and ARM Germany GmbH. All rights reserved.
License Information: 1 1, 1, LIC=8MZI6-DTNSP-9Z3WW-Q4IQW-RX7RA-6LUDX
 
Tool Versions:
Toolchain:       MDK-ARM Professional  Version: 5.36.0.0
Toolchain Path:  C:\Keil_v5\ARM\ARMCC\Bin
C Compiler:      Armcc.exe V5.06 update 7 (build 960)
Assembler:       Armasm.exe V5.06 update 7 (build 960)
Linker/Locator:  ArmLink.exe V5.06 update 7 (build 960)
Library Manager: ArmAr.exe V5.06 update 7 (build 960)
Hex Converter:   FromElf.exe V5.06 update 7 (build 960)
CPU DLL:         SARMCM3.DLL V5.36.0.0
Dialog DLL:      DCM.DLL V1.17.3.0
Target DLL:      CMSIS_AGDI.dll V1.33.0.0
Dialog DLL:      TCM.DLL V1.53.0.0
 
<h2>Project:</h2>
D:\替换屏幕驱动\旧版阿波罗F429\4，程序源码\3，扩展例程\5，FreeRTOS扩展例程\FreeRTOS实验6-1 FreeRTOS任务创建和删除实验(动态方法)\USER\FreeRTOS.uvprojx
Project File Date:  06/09/2023

<h2>Output:</h2>
*** Using Compiler 'V5.06 update 7 (build 960)', folder: 'C:\Keil_v5\ARM\ARMCC\Bin'
Build target 'FreeRTOS'
assembling startup_stm32f429xx.s...
compiling system_stm32f4xx.c...
compiling stm32f4xx_it.c...
compiling stm32f4xx_hal_cortex.c...
compiling stm32f4xx_hal_pwr.c...
compiling stm32f4xx_hal_pwr_ex.c...
compiling stm32f4xx_hal.c...
compiling stm32f4xx_hal_dma_ex.c...
compiling stm32f4xx_hal_gpio.c...
compiling stm32f4xx_hal_rcc_ex.c...
compiling stm32f4xx_hal_dma.c...
compiling stm32f4xx_hal_dma2d.c...
compiling main.c...
compiling stm32f4xx_hal_uart.c...
compiling stm32f4xx_hal_rcc.c...
compiling stm32f4xx_hal_usart.c...
compiling stm32f4xx_hal_ltdc_ex.c...
compiling sys.c...
compiling stm32f4xx_hal_sram.c...
compiling stm32f4xx_hal_sdram.c...
compiling led.c...
compiling stm32f4xx_hal_ltdc.c...
compiling sdram.c...
compiling key.c...
compiling stm32f4xx_ll_fmc.c...
compiling delay.c...
compiling usart.c...
compiling croutine.c...
compiling ltdc.c...
compiling event_groups.c...
compiling lcd.c...
compiling list.c...
compiling heap_4.c...
compiling port.c...
compiling timers.c...
compiling queue.c...
compiling tasks.c...
linking...
Program Size: Code=32606 RO-data=18758 RW-data=240 ZI-data=2098192  
FromELF: creating hex file...
"..\OBJ\LED.axf" - 0 Error(s), 0 Warning(s).

<h2>Software Packages used:</h2>

Package Vendor: Keil
                http://www.keil.com/pack/Keil.STM32F4xx_DFP.2.15.0.pack
                Keil.STM32F4xx_DFP.2.15.0
                STMicroelectronics STM32F4 Series Device Support, Drivers and Examples

<h2>Collection of Component include folders:</h2>
  C:\Users\adsa\AppData\Local\Arm\Packs\Keil\STM32F4xx_DFP\2.15.0\Drivers\CMSIS\Device\ST\STM32F4xx\Include

<h2>Collection of Component Files used:</h2>
Build Time Elapsed:  00:00:03
</pre>
</body>
</html>
