Component: ARM Compiler 5.06 update 7 (build 960) Tool: armlink [4d3601]

==============================================================================

Section Cross References

    main.o(i.emwindemo_task) refers to gui_curs1.o(i.GUI_CURSOR_Show) for GUI_CURSOR_Show
    main.o(i.emwindemo_task) refers to textdisplay.o(i.emwin_texttest) for emwin_texttest
    main.o(i.emwindemo_task) refers to gui_time.o(i.GUI_Delay) for GUI_Delay
    main.o(i.led0_task) refers to os_time.o(i.OSTimeDlyHMSM) for OSTimeDlyHMSM
    main.o(i.main) refers to sys.o(i.Stm32_Clock_Init) for Stm32_Clock_Init
    main.o(i.main) refers to stm32f4xx_hal.o(i.HAL_Init) for HAL_Init
    main.o(i.main) refers to delay.o(i.delay_init) for delay_init
    main.o(i.main) refers to usart.o(i.uart_init) for uart_init
    main.o(i.main) refers to led.o(i.LED_Init) for LED_Init
    main.o(i.main) refers to key.o(i.KEY_Init) for KEY_Init
    main.o(i.main) refers to sdram.o(i.SDRAM_Init) for SDRAM_Init
    main.o(i.main) refers to tftlcd.o(i.TFTLCD_Init) for TFTLCD_Init
    main.o(i.main) refers to touch.o(i.TP_Init) for TP_Init
    main.o(i.main) refers to malloc.o(i.my_mem_init) for my_mem_init
    main.o(i.main) refers to os_core.o(i.OSInit) for OSInit
    main.o(i.main) refers to cpu_a.o(.text) for CPU_SR_Save
    main.o(i.main) refers to cpu_core.o(i.CPU_IntDisMeasStart) for CPU_IntDisMeasStart
    main.o(i.main) refers to cpu_core.o(i.CPU_IntDisMeasStop) for CPU_IntDisMeasStop
    main.o(i.main) refers to os_task.o(i.OSTaskCreate) for OSTaskCreate
    main.o(i.main) refers to os_core.o(i.OS_Sched0) for OS_Sched0
    main.o(i.main) refers to os_core.o(i.OSStart) for OSStart
    main.o(i.main) refers to os_var.o(.data) for OSSchedLockNestingCtr
    main.o(i.main) refers to main.o(.bss) for .bss
    main.o(i.main) refers to main.o(i.start_task) for start_task
    main.o(i.main) refers to os_var.o(.data) for OSIntQNbrEntries
    main.o(i.start_task) refers to cpu_core.o(i.CPU_Init) for CPU_Init
    main.o(i.start_task) refers to os_stat.o(i.OSStatTaskCPUUsageInit) for OSStatTaskCPUUsageInit
    main.o(i.start_task) refers to cpu_core.o(i.CPU_IntDisMeasMaxCurReset) for CPU_IntDisMeasMaxCurReset
    main.o(i.start_task) refers to gui_core.o(i.GUI_Init) for GUI_Init
    main.o(i.start_task) refers to wm_multibuf.o(i.WM_MULTIBUF_Enable) for WM_MULTIBUF_Enable
    main.o(i.start_task) refers to cpu_a.o(.text) for CPU_SR_Save
    main.o(i.start_task) refers to cpu_core.o(i.CPU_IntDisMeasStart) for CPU_IntDisMeasStart
    main.o(i.start_task) refers to cpu_core.o(i.CPU_IntDisMeasStop) for CPU_IntDisMeasStop
    main.o(i.start_task) refers to os_task.o(i.OSTaskCreate) for OSTaskCreate
    main.o(i.start_task) refers to os_task.o(i.OS_TaskSuspend) for OS_TaskSuspend
    main.o(i.start_task) refers to os_core.o(i.OS_Sched0) for OS_Sched0
    main.o(i.start_task) refers to os_var.o(.data) for OSSchedLockNestingCtr
    main.o(i.start_task) refers to main.o(.bss) for .bss
    main.o(i.start_task) refers to main.o(i.emwindemo_task) for emwindemo_task
    main.o(i.start_task) refers to main.o(i.touch_task) for touch_task
    main.o(i.start_task) refers to main.o(i.led0_task) for led0_task
    main.o(i.start_task) refers to os_var.o(.data) for OSIntQNbrEntries
    main.o(i.touch_task) refers to gui_touch_driveranalog.o(i.GUI_TOUCH_Exec) for GUI_TOUCH_Exec
    main.o(i.touch_task) refers to os_time.o(i.OSTimeDlyHMSM) for OSTimeDlyHMSM
    system_stm32f4xx.o(i.SystemCoreClockUpdate) refers to system_stm32f4xx.o(.data) for .data
    startup_stm32f429xx.o(STACK) refers (Special) to heapauxi.o(.text) for __use_two_region_memory
    startup_stm32f429xx.o(HEAP) refers (Special) to heapauxi.o(.text) for __use_two_region_memory
    startup_stm32f429xx.o(RESET) refers (Special) to heapauxi.o(.text) for __use_two_region_memory
    startup_stm32f429xx.o(RESET) refers to startup_stm32f429xx.o(STACK) for __initial_sp
    startup_stm32f429xx.o(RESET) refers to startup_stm32f429xx.o(.text) for Reset_Handler
    startup_stm32f429xx.o(RESET) refers to stm32f4xx_it.o(i.NMI_Handler) for NMI_Handler
    startup_stm32f429xx.o(RESET) refers to stm32f4xx_it.o(i.HardFault_Handler) for HardFault_Handler
    startup_stm32f429xx.o(RESET) refers to stm32f4xx_it.o(i.MemManage_Handler) for MemManage_Handler
    startup_stm32f429xx.o(RESET) refers to stm32f4xx_it.o(i.BusFault_Handler) for BusFault_Handler
    startup_stm32f429xx.o(RESET) refers to stm32f4xx_it.o(i.UsageFault_Handler) for UsageFault_Handler
    startup_stm32f429xx.o(RESET) refers to stm32f4xx_it.o(i.SVC_Handler) for SVC_Handler
    startup_stm32f429xx.o(RESET) refers to stm32f4xx_it.o(i.DebugMon_Handler) for DebugMon_Handler
    startup_stm32f429xx.o(RESET) refers to os_cpu_a.o(CODE) for PendSV_Handler
    startup_stm32f429xx.o(RESET) refers to delay.o(i.SysTick_Handler) for SysTick_Handler
    startup_stm32f429xx.o(RESET) refers to timer.o(i.TIM3_IRQHandler) for TIM3_IRQHandler
[...]
    0x08010b52   0x08010b52   0x00000010   Code   RO         9146    i.WM_NotifyParent   GUI_CM4F_L.lib(wm_notifyparent.o)
    0x08010b62   0x08010b62   0x00000002   PAD
    0x08010b64   0x08010b64   0x00000040   Code   RO         9705    i.WM_OnKey          GUI_CM4F_L.lib(wm_onkey.o)
    0x08010ba4   0x08010ba4   0x00000018   Code   RO         9714    i.WM_PID__SetPrevState  GUI_CM4F_L.lib(wm_pid__getprevstate.o)
    0x08010bbc   0x08010bbc   0x00000012   Code   RO         9740    i.WM_ReleaseCapture  GUI_CM4F_L.lib(wm_setcapture.o)
    0x08010bce   0x08010bce   0x000000f4   Code   RO         9794    i.WM_ResizeWindow   GUI_CM4F_L.lib(wm_resizewindow.o)
    0x08010cc2   0x08010cc2   0x0000001e   Code   RO         9724    i.WM_Screen2hWin    GUI_CM4F_L.lib(wm_screen2win.o)
    0x08010ce0   0x08010ce0   0x00000044   Code   RO         8593    i.WM_SelectWindow   GUI_CM4F_L.lib(wm.o)
    0x08010d24   0x08010d24   0x0000001a   Code   RO         9154    i.WM_SendMessageNoPara  GUI_CM4F_L.lib(wm_sendmessagenopara.o)
    0x08010d3e   0x08010d3e   0x00000026   Code   RO         9162    i.WM_SendToParent   GUI_CM4F_L.lib(wm_sendtoparent.o)
    0x08010d64   0x08010d64   0x00000014   Code   RO         8595    i.WM_SetDefault     GUI_CM4F_L.lib(wm.o)
    0x08010d78   0x08010d78   0x00000048   Code   RO         9752    i.WM_SetSize        GUI_CM4F_L.lib(wm_setsize.o)
    0x08010dc0   0x08010dc0   0x00000020   Code   RO         8708    i.WM_SetUserClipRect  GUI_CM4F_L.lib(wm_setusercliprect.o)
    0x08010de0   0x08010de0   0x00000048   Code   RO         8596    i.WM__ActivateClipRect  GUI_CM4F_L.lib(wm.o)
    0x08010e28   0x08010e28   0x00000010   Code   RO         9116    i.WM__AddCriticalHandle  GUI_CM4F_L.lib(wm_criticalhandle.o)
    0x08010e38   0x08010e38   0x00000010   Code   RO         8597    i.WM__Client2Screen  GUI_CM4F_L.lib(wm.o)
    0x08010e48   0x08010e48   0x0000004e   Code   RO         8598    i.WM__ClipAtParentBorders  GUI_CM4F_L.lib(wm.o)
    0x08010e96   0x08010e96   0x00000052   Code   RO         9174    i.WM__DeleteAssocTimer  GUI_CM4F_L.lib(wm_timer.o)
    0x08010ee8   0x08010ee8   0x00000028   Code   RO         8600    i.WM__DetachWindow  GUI_CM4F_L.lib(wm.o)
    0x08010f10   0x08010f10   0x00000020   Code   RO         9128    i.WM__GetClientRectEx  GUI_CM4F_L.lib(wm_getclientrect.o)
    0x08010f30   0x08010f30   0x00000018   Code   RO         8601    i.WM__GetClientRectWin  GUI_CM4F_L.lib(wm.o)
    0x08010f48   0x08010f48   0x00000012   Code   RO         9778    i.WM__GetFirstSibling  GUI_CM4F_L.lib(wm__getfirstsibling.o)
    0x08010f5a   0x08010f5a   0x00000002   PAD
    0x08010f5c   0x08010f5c   0x00000040   Code   RO         8602    i.WM__GetNextIVR    GUI_CM4F_L.lib(wm.o)
    0x08010f9c   0x08010f9c   0x00000024   Code   RO         9623    i.WM__GetPrevSibling  GUI_CM4F_L.lib(wm__getprevsibling.o)
    0x08010fc0   0x08010fc0   0x00000018   Code   RO         8603    i.WM__GetTopLevelLayer  GUI_CM4F_L.lib(wm.o)
    0x08010fd8   0x08010fd8   0x000000f0   Code   RO         8604    i.WM__InitIVRSearch  GUI_CM4F_L.lib(wm.o)
    0x080110c8   0x080110c8   0x000000a4   Code   RO         8605    i.WM__InsertWindowIntoList  GUI_CM4F_L.lib(wm.o)
    0x0801116c   0x0801116c   0x00000006   Code   RO         8606    i.WM__Invalidate1Abs  GUI_CM4F_L.lib(wm.o)
    0x08011172   0x08011172   0x00000002   PAD
    0x08011174   0x08011174   0x00000054   Code   RO         8607    i.WM__InvalidateDrawAndDescs  GUI_CM4F_L.lib(wm.o)
    0x080111c8   0x080111c8   0x0000002a   Code   RO         8608    i.WM__InvalidateParent  GUI_CM4F_L.lib(wm.o)
    0x080111f2   0x080111f2   0x00000076   Code   RO         8609    i.WM__InvalidateRect  GUI_CM4F_L.lib(wm.o)
    0x08011268   0x08011268   0x00000006   Code   RO         8610    i.WM__InvalidateRectEx  GUI_CM4F_L.lib(wm.o)
    0x0801126e   0x0801126e   0x00000002   PAD
    0x08011270   0x08011270   0x00000022   Code   RO         9631    i.WM__IsAncestor    GUI_CM4F_L.lib(wm__isancestor.o)
    0x08011292   0x08011292   0x00000016   Code   RO         9641    i.WM__IsEnabled     GUI_CM4F_L.lib(wm__isenabled.o)
    0x080112a8   0x080112a8   0x00000068   Code   RO         9189    i.WM__IsInModalArea  GUI_CM4F_L.lib(wm_touch.o)
    0x08011310   0x08011310   0x00000030   Code   RO         9726    i.WM__IsInWindow    GUI_CM4F_L.lib(wm_screen2win.o)
    0x08011340   0x08011340   0x00000024   Code   RO         8611    i.WM__IsWindow      GUI_CM4F_L.lib(wm.o)
    0x08011364   0x08011364   0x0000009a   Code   RO         9813    i.WM__MoveWindow    GUI_CM4F_L.lib(wm_move.o)
    0x080113fe   0x080113fe   0x00000002   PAD
    0x08011400   0x08011400   0x000000a0   Code   RO         8612    i.WM__Paint         GUI_CM4F_L.lib(wm.o)
    0x080114a0   0x080114a0   0x0000008c   Code   RO         8613    i.WM__Paint1        GUI_CM4F_L.lib(wm.o)
    0x0801152c   0x0801152c   0x00000078   Code   RO         8614    i.WM__PaintWinAndOverlays  GUI_CM4F_L.lib(wm.o)
    0x080115a4   0x080115a4   0x00000020   Code   RO         8615    i.WM__RectIsNZ      GUI_CM4F_L.lib(wm.o)
    0x080115c4   0x080115c4   0x0000002c   Code   RO         9742    i.WM__ReleaseCapture  GUI_CM4F_L.lib(wm_setcapture.o)
    0x080115f0   0x080115f0   0x0000002c   Code   RO         9117    i.WM__RemoveCriticalHandle  GUI_CM4F_L.lib(wm_criticalhandle.o)
    0x0801161c   0x0801161c   0x00000040   Code   RO         8616    i.WM__RemoveWindowFromList  GUI_CM4F_L.lib(wm.o)
    0x0801165c   0x0801165c   0x00000014   Code   RO         8617    i.WM__SelectTopLevelLayer  GUI_CM4F_L.lib(wm.o)
    0x08011670   0x08011670   0x0000003c   Code   RO         9099    i.WM__SendMessage   GUI_CM4F_L.lib(wm__sendmessage.o)
    0x080116ac   0x080116ac   0x0000001c   Code   RO         9649    i.WM__SendMessageIfEnabled  GUI_CM4F_L.lib(wm__sendmessageifenabled.o)
    0x080116c8   0x080116c8   0x00000026   Code   RO         9657    i.WM__SendMessageNoPara  GUI_CM4F_L.lib(wm__sendmessagenopara.o)
    0x080116ee   0x080116ee   0x0000000e   Code   RO         8618    i.WM__SendMsgNoData  GUI_CM4F_L.lib(wm.o)
    0x080116fc   0x080116fc   0x0000003e   Code   RO         9190    i.WM__SendPIDMessage  GUI_CM4F_L.lib(wm_touch.o)
    0x0801173a   0x0801173a   0x00000036   Code   RO         9191    i.WM__SendTouchMessage  GUI_CM4F_L.lib(wm_touch.o)
    0x08011770   0x08011770   0x000000dc   Code   RO         9802    i.WM__UpdateChildPositions  GUI_CM4F_L.lib(wm__updatechildpositions.o)
    0x0801184c   0x0801184c   0x00000038   Code   RO         8203    i._Add              GUI_CM4F_L.lib(gui_fillpolygon.o)
    0x08011884   0x08011884   0x00000090   Code   RO         7342    i._AddFreeMemory    GUI_CM4F_L.lib(gui_alloc.o)
    0x08011914   0x08011914   0x000000b8   Code   RO         7343    i._Alloc            GUI_CM4F_L.lib(gui_alloc.o)
    0x080119cc   0x080119cc   0x00000004   Code   RO         8463    i._CalcSizeOfChar   GUI_CM4F_L.lib(gui_uc_encodenone.o)
    0x080119d0   0x080119d0   0x00000014   Code   RO         8324    i._ClipRectEx       GUI_CM4F_L.lib(gui_sprite.o)
    0x080119e4   0x080119e4   0x0000004c   Code   RO         7662    i._Color2IndexBulk  GUI_CM4F_L.lib(guicc_m565.o)
    0x08011a30   0x08011a30   0x0000000e   Code   RO         9416    i._Color2IndexBulk  GUI_CM4F_L.lib(guicc_8888.o)
    0x08011a3e   0x08011a3e   0x00000002   PAD
    0x08011a40   0x08011a40   0x00000054   Code   RO         8969    i._Color2Index_0    GUI_CM4F_L.lib(guicc_0.o)
    0x08011a94   0x08011a94   0x00000002   Code   RO         9417    i._Color2Index_8888  GUI_CM4F_L.lib(guicc_8888.o)
    0x08011a96   0x08011a96   0x00000002   PAD
    0x08011a98   0x08011a98   0x0000002c   Code   RO         7663    i._Color2Index_M565  GUI_CM4F_L.lib(guicc_m565.o)
    0x08011ac4   0x08011ac4   0x0000003e   Code   RO         8564    i._Convert16        GUI_CM4F_L.lib(guidev_writetoactiveopaque.o)
    0x08011b02   0x08011b02   0x0000003e   Code   RO         8565    i._Convert8         GUI_CM4F_L.lib(guidev_writetoactiveopaque.o)
    0x08011b40   0x08011b40   0x000000a2   Code   RO         8325    i._CreateBuffer     GUI_CM4F_L.lib(gui_sprite.o)
    0x08011be2   0x08011be2   0x00000002   PAD
    0x08011be4   0x08011be4   0x00000148   Code   RO         9079    i._CreateStaticDevice  GUI_CM4F_L.lib(guidev_staticdevices.o)
    0x08011d2c   0x08011d2c   0x00000014   Code   RO         9252    i._DecPointer       GUI_CM4F_L.lib(gui_pid.o)
    0x08011d40   0x08011d40   0x00000012   Code   RO         8619    i._DeleteAllChildren  GUI_CM4F_L.lib(wm.o)
    0x08011d52   0x08011d52   0x00000002   PAD
    0x08011d54   0x08011d54   0x00000020   Code   RO         8620    i._DesktopHandle2Index  GUI_CM4F_L.lib(wm.o)
    0x08011d74   0x08011d74   0x00000074   Code   RO         8108    i._DispLine         GUI_CM4F_L.lib(gui_charline.o)
    0x08011de8   0x08011de8   0x00000084   Code   RO         8326    i._DoColorConversion  GUI_CM4F_L.lib(gui_sprite.o)
    0x08011e6c   0x08011e6c   0x000000cc   Code   RO         7043    i._DrawBitLine1BPP  guidrv_template.o
    0x08011f38   0x08011f38   0x00000148   Code   RO         7954    i._DrawBitLine1BPP  GUI_CM4F_L.lib(guidev_16.o)
    0x08012080   0x08012080   0x0000011c   Code   RO         9489    i._DrawBitLine1BPP  GUI_CM4F_L.lib(guidev_32.o)
    0x0801219c   0x0801219c   0x00000128   Code   RO         7044    i._DrawBitLine2BPP  guidrv_template.o
    0x080122c4   0x080122c4   0x000000e0   Code   RO         7955    i._DrawBitLine2BPP  GUI_CM4F_L.lib(guidev_16.o)
    0x080123a4   0x080123a4   0x000000e0   Code   RO         9490    i._DrawBitLine2BPP  GUI_CM4F_L.lib(guidev_32.o)
    0x08012484   0x08012484   0x000000a0   Code   RO         9491    i._DrawBitLine32BPP_DDB  GUI_CM4F_L.lib(guidev_32.o)
    0x08012524   0x08012524   0x00000128   Code   RO         7045    i._DrawBitLine4BPP  guidrv_template.o
    0x0801264c   0x0801264c   0x00000160   Code   RO         7956    i._DrawBitLine4BPP  GUI_CM4F_L.lib(guidev_16.o)
    0x080127ac   0x080127ac   0x00000158   Code   RO         9492    i._DrawBitLine4BPP  GUI_CM4F_L.lib(guidev_32.o)
    0x08012904   0x08012904   0x0000009c   Code   RO         7046    i._DrawBitLine8BPP  guidrv_template.o
    0x080129a0   0x080129a0   0x0000017c   Code   RO         7047    i._DrawBitmap       guidrv_template.o
    0x08012b1c   0x08012b1c   0x000002a0   Code   RO         7957    i._DrawBitmap       GUI_CM4F_L.lib(guidev_16.o)
    0x08012dbc   0x08012dbc   0x000003d4   Code   RO         8327    i._DrawBitmap       GUI_CM4F_L.lib(gui_sprite.o)
    0x08013190   0x08013190   0x000002a4   Code   RO         9493    i._DrawBitmap       GUI_CM4F_L.lib(guidev_32.o)
    0x08013434   0x08013434   0x0000000a   Code   RO         7048    i._DrawHLine        guidrv_template.o
    0x0801343e   0x0801343e   0x0000000a   Code   RO         7958    i._DrawHLine        GUI_CM4F_L.lib(guidev_16.o)
    0x08013448   0x08013448   0x000001c4   Code   RO         8328    i._DrawHLine        GUI_CM4F_L.lib(gui_sprite.o)
    0x0801360c   0x0801360c   0x0000000a   Code   RO         9494    i._DrawHLine        GUI_CM4F_L.lib(guidev_32.o)
    0x08013616   0x08013616   0x00000002   PAD
    0x08013618   0x08013618   0x00000014   Code   RO         7547    i._DrawLineEnd      GUI_CM4F_L.lib(gui_drawline.o)
    0x0801362c   0x0801362c   0x0000005c   Code   RO         8621    i._DrawNext         GUI_CM4F_L.lib(wm.o)
    0x08013688   0x08013688   0x0000000c   Code   RO         7049    i._DrawVLine        guidrv_template.o
    0x08013694   0x08013694   0x000000b8   Code   RO         7959    i._DrawVLine        GUI_CM4F_L.lib(guidev_16.o)
    0x0801374c   0x0801374c   0x000001b0   Code   RO         8329    i._DrawVLine        GUI_CM4F_L.lib(gui_sprite.o)
    0x080138fc   0x080138fc   0x000000ac   Code   RO         9495    i._DrawVLine        GUI_CM4F_L.lib(guidev_32.o)
    0x080139a8   0x080139a8   0x00000006   Code   RO         8464    i._Encode           GUI_CM4F_L.lib(gui_uc_encodenone.o)
    0x080139ae   0x080139ae   0x00000002   PAD
    0x080139b0   0x080139b0   0x00000098   Code   RO         7344    i._EnlargeBlocks    GUI_CM4F_L.lib(gui_alloc.o)
    0x08013a48   0x08013a48   0x00000078   Code   RO         8622    i._Exec1Input       GUI_CM4F_L.lib(wm.o)
    0x08013ac0   0x08013ac0   0x00000054   Code   RO         7050    i._FillRect         guidrv_template.o
    0x08013b14   0x08013b14   0x000000ac   Code   RO         7960    i._FillRect         GUI_CM4F_L.lib(guidev_16.o)
    0x08013bc0   0x08013bc0   0x000001ec   Code   RO         8330    i._FillRect         GUI_CM4F_L.lib(gui_sprite.o)
    0x08013dac   0x08013dac   0x000000a4   Code   RO         9496    i._FillRect         GUI_CM4F_L.lib(guidev_32.o)
    0x08013e50   0x08013e50   0x00000148   Code   RO         8623    i._FindNext_IVR     GUI_CM4F_L.lib(wm.o)
    0x08013f98   0x08013f98   0x0000007c   Code   RO         8624    i._Findx0           GUI_CM4F_L.lib(wm.o)
    0x08014014   0x08014014   0x00000072   Code   RO         8625    i._Findx1           GUI_CM4F_L.lib(wm.o)
    0x08014086   0x08014086   0x000000a6   Code   RO         8626    i._Findy1           GUI_CM4F_L.lib(wm.o)
    0x0801412c   0x0801412c   0x00000074   Code   RO         8331    i._FlushBuffer      GUI_CM4F_L.lib(gui_sprite.o)
    0x080141a0   0x080141a0   0x00000004   Code   RO         9595    i._GUI_USAGE_BM_Delete  GUI_CM4F_L.lib(guidev_usagebm.o)
    0x080141a4   0x080141a4   0x0000006c   Code   RO         8332    i._GetBkIndex       GUI_CM4F_L.lib(gui_sprite.o)
    0x08014210   0x08014210   0x00000080   Code   RO         8333    i._GetBkIndexAlpha  GUI_CM4F_L.lib(gui_sprite.o)
    0x08014290   0x08014290   0x00000004   Code   RO         8465    i._GetCharCode      GUI_CM4F_L.lib(gui_uc_encodenone.o)
    0x08014294   0x08014294   0x00000004   Code   RO         8466    i._GetCharSize      GUI_CM4F_L.lib(gui_uc_encodenone.o)
    0x08014298   0x08014298   0x0000002e   Code   RO         8056    i._GetCharWrap      GUI_CM4F_L.lib(gui__wrap.o)
    0x080142c6   0x080142c6   0x00000140   Code   RO         8334    i._GetClipParam     GUI_CM4F_L.lib(gui_sprite.o)
    0x08014406   0x08014406   0x00000002   PAD
    0x08014408   0x08014408   0x000000d4   Code   RO         8335    i._GetClipRect      GUI_CM4F_L.lib(gui_sprite.o)
    0x080144dc   0x080144dc   0x00000010   Code   RO         7051    i._GetDevData       guidrv_template.o
    0x080144ec   0x080144ec   0x00000010   Code   RO         7961    i._GetDevData       GUI_CM4F_L.lib(guidev_16.o)
    0x080144fc   0x080144fc   0x00000004   Code   RO         8336    i._GetDevData       GUI_CM4F_L.lib(gui_sprite.o)
    0x08014500   0x08014500   0x00000010   Code   RO         9497    i._GetDevData       GUI_CM4F_L.lib(guidev_32.o)
    0x08014510   0x08014510   0x00000050   Code   RO         7052    i._GetDevFunc       guidrv_template.o
    0x08014560   0x08014560   0x00000010   Code   RO         7962    i._GetDevFunc       GUI_CM4F_L.lib(guidev_16.o)
    0x08014570   0x08014570   0x00000012   Code   RO         8337    i._GetDevFunc       GUI_CM4F_L.lib(gui_sprite.o)
    0x08014582   0x08014582   0x00000002   PAD
    0x08014584   0x08014584   0x00000010   Code   RO         9498    i._GetDevFunc       GUI_CM4F_L.lib(guidev_32.o)
    0x08014594   0x08014594   0x0000003c   Code   RO         7053    i._GetDevProp       guidrv_template.o
    0x080145d0   0x080145d0   0x0000001e   Code   RO         7717    i._GetDevProp       GUI_CM4F_L.lib(lcd_getex.o)
    0x080145ee   0x080145ee   0x00000010   Code   RO         7963    i._GetDevProp       GUI_CM4F_L.lib(guidev_16.o)
    0x080145fe   0x080145fe   0x0000000e   Code   RO         8338    i._GetDevProp       GUI_CM4F_L.lib(gui_sprite.o)
    0x0801460c   0x0801460c   0x0000000c   Code   RO         9499    i._GetDevProp       GUI_CM4F_L.lib(guidev_32.o)
    0x08014618   0x08014618   0x00000040   Code   RO         8339    i._GetDeviceRect    GUI_CM4F_L.lib(gui_sprite.o)
    0x08014658   0x08014658   0x00000052   Code   RO         8970    i._GetIndexMask_0   GUI_CM4F_L.lib(guicc_0.o)
    0x080146aa   0x080146aa   0x00000006   Code   RO         9418    i._GetIndexMask_8888  GUI_CM4F_L.lib(guicc_8888.o)
    0x080146b0   0x080146b0   0x00000006   Code   RO         7664    i._GetIndexMask_M565  GUI_CM4F_L.lib(guicc_m565.o)
    0x080146b6   0x080146b6   0x0000001e   Code   RO         7718    i._GetMaxValue      GUI_CM4F_L.lib(lcd_getex.o)
    0x080146d4   0x080146d4   0x0000001c   Code   RO         7345    i._GetMinIndex      GUI_CM4F_L.lib(gui_alloc.o)
    0x080146f0   0x080146f0   0x0000000a   Code   RO         7054    i._GetPixelIndex    guidrv_template.o
    0x080146fa   0x080146fa   0x0000000e   Code   RO         7964    i._GetPixelIndex    GUI_CM4F_L.lib(guidev_16.o)
    0x08014708   0x08014708   0x0000005e   Code   RO         8340    i._GetPixelIndex    GUI_CM4F_L.lib(gui_sprite.o)
    0x08014766   0x08014766   0x0000000e   Code   RO         9500    i._GetPixelIndex    GUI_CM4F_L.lib(guidev_32.o)
    0x08014774   0x08014774   0x00000016   Code   RO         7055    i._GetRect          guidrv_template.o
    0x0801478a   0x0801478a   0x00000030   Code   RO         7965    i._GetRect          GUI_CM4F_L.lib(guidev_16.o)
    0x080147ba   0x080147ba   0x0000000e   Code   RO         8341    i._GetRect          GUI_CM4F_L.lib(gui_sprite.o)
    0x080147c8   0x080147c8   0x00000030   Code   RO         9501    i._GetRect          GUI_CM4F_L.lib(guidev_32.o)
    0x080147f8   0x080147f8   0x0000003c   Code   RO         8413    i._GetTaskNo        GUI_CM4F_L.lib(gui_task.o)
    0x08014834   0x08014834   0x00000064   Code   RO         8057    i._GetWordWrap      GUI_CM4F_L.lib(gui__wrap.o)
    0x08014898   0x08014898   0x00000010   Code   RO         8226    i._GotoX            GUI_CM4F_L.lib(gui_goto.o)
    0x080148a8   0x080148a8   0x00000010   Code   RO         8227    i._GotoY            GUI_CM4F_L.lib(gui_goto.o)
    0x080148b8   0x080148b8   0x0000001c   Code   RO         8873    i._IncPointer       GUI_CM4F_L.lib(gui_onkey.o)
    0x080148d4   0x080148d4   0x00000014   Code   RO         9253    i._IncPointer       GUI_CM4F_L.lib(gui_pid.o)
    0x080148e8   0x080148e8   0x00000006   Code   RO         8874    i._IncReadPointer   GUI_CM4F_L.lib(gui_onkey.o)
    0x080148ee   0x080148ee   0x00000002   PAD
    0x080148f0   0x080148f0   0x00000058   Code   RO         7665    i._Index2ColorBulk  GUI_CM4F_L.lib(guicc_m565.o)
    0x08014948   0x08014948   0x0000000e   Code   RO         9419    i._Index2ColorBulk  GUI_CM4F_L.lib(guicc_8888.o)
    0x08014956   0x08014956   0x00000020   Code   RO         8971    i._Index2Color_0    GUI_CM4F_L.lib(guicc_0.o)
    0x08014976   0x08014976   0x00000018   Code   RO         7056    i._Init             guidrv_template.o
    0x0801498e   0x0801498e   0x00000002   PAD
    0x08014990   0x08014990   0x00000070   Code   RO         7407    i._InitContext      GUI_CM4F_L.lib(gui_core.o)
    0x08014a00   0x08014a00   0x0000002a   Code   RO         7057    i._InitOnce         guidrv_template.o
    0x08014a2a   0x08014a2a   0x00000002   PAD
    0x08014a2c   0x08014a2c   0x000000a8   Code   RO         7346    i._InitOnce         GUI_CM4F_L.lib(gui_alloc.o)
    0x08014ad4   0x08014ad4   0x00000080   Code   RO         8627    i._Invalidate1Abs   GUI_CM4F_L.lib(wm.o)
    0x08014b54   0x08014b54   0x00000016   Code   RO         8342    i._Link             GUI_CM4F_L.lib(gui_sprite.o)
    0x08014b6a   0x08014b6a   0x00000014   Code   RO         7638    i._Log2Phys         GUI_CM4F_L.lib(gui_touch_driveranalog.o)
    0x08014b7e   0x08014b7e   0x00000002   Code   RO         8109    i._Log2VisBuffered  GUI_CM4F_L.lib(gui_charline.o)
    0x08014b80   0x08014b80   0x00000008   Code   RO         9051    i._Min              GUI_CM4F_L.lib(guidev_banding.o)
    0x08014b88   0x08014b88   0x0000006e   Code   RO         9814    i._MoveDescendents  GUI_CM4F_L.lib(wm_move.o)
    0x08014bf6   0x08014bf6   0x0000000a   Code   RO         7058    i._Off              guidrv_template.o
    0x08014c00   0x08014c00   0x0000000a   Code   RO         7059    i._On               guidrv_template.o
    0x08014c0a   0x08014c0a   0x00000002   PAD
    0x08014c0c   0x08014c0c   0x00000034   Code   RO         7347    i._OnExit           GUI_CM4F_L.lib(gui_alloc.o)
    0x08014c40   0x08014c40   0x0000002c   Code   RO         7408    i._OnExit           GUI_CM4F_L.lib(gui_core.o)
    0x08014c6c   0x08014c6c   0x00000018   Code   RO         7456    i._OnExit           GUI_CM4F_L.lib(gui_curs1.o)
    0x08014c84   0x08014c84   0x00000014   Code   RO         8414    i._OnExit           GUI_CM4F_L.lib(gui_task.o)
    0x08014c98   0x08014c98   0x00000014   Code   RO         8529    i._OnExit           GUI_CM4F_L.lib(lcd_color.o)
    0x08014cac   0x08014cac   0x00000034   Code   RO         8628    i._OnExit           GUI_CM4F_L.lib(wm.o)
    0x08014ce0   0x08014ce0   0x00000028   Code   RO         8725    i._OnExit           GUI_CM4F_L.lib(gui__alpha.o)
    0x08014d08   0x08014d08   0x00000024   Code   RO         8629    i._Paint1           GUI_CM4F_L.lib(wm.o)
    0x08014d2c   0x08014d2c   0x0000008c   Code   RO         8630    i._Paint1Trans      GUI_CM4F_L.lib(wm.o)
    0x08014db8   0x08014db8   0x0000009a   Code   RO         8631    i._PaintTransChildren  GUI_CM4F_L.lib(wm.o)
    0x08014e52   0x08014e52   0x0000004a   Code   RO         8343    i._PixelExists      GUI_CM4F_L.lib(gui_sprite.o)
    0x08014e9c   0x08014e9c   0x00000040   Code   RO         7348    i._PopFreeBlock     GUI_CM4F_L.lib(gui_alloc.o)
    0x08014edc   0x08014edc   0x00000028   Code   RO         7349    i._PushFreeBlock    GUI_CM4F_L.lib(gui_alloc.o)
    0x08014f04   0x08014f04   0x0000001c   Code   RO         8344    i._ReleaseBuffer    GUI_CM4F_L.lib(gui_sprite.o)
    0x08014f20   0x08014f20   0x00000034   Code   RO         7350    i._RemoveFreeBlock  GUI_CM4F_L.lib(gui_alloc.o)
    0x08014f54   0x08014f54   0x0000005c   Code   RO         9370    i._RemoveFromLinList  GUI_CM4F_L.lib(gui_timer.o)
    0x08014fb0   0x08014fb0   0x000000a0   Code   RO         7351    i._RemoveHoles      GUI_CM4F_L.lib(gui_alloc.o)
    0x08015050   0x08015050   0x0000005a   Code   RO         9727    i._Screen2hWin      GUI_CM4F_L.lib(wm_screen2win.o)
    0x080150aa   0x080150aa   0x00000002   PAD
    0x080150ac   0x080150ac   0x00000024   Code   RO         9728    i._Screen2hWinStop  GUI_CM4F_L.lib(wm_screen2win.o)
    0x080150d0   0x080150d0   0x00000020   Code   RO         8494    i._SetBkColor       GUI_CM4F_L.lib(lcd.o)
    0x080150f0   0x080150f0   0x0000004a   Code   RO         8347    i._SetBkIndexBuffered  GUI_CM4F_L.lib(gui_sprite.o)
    0x0801513a   0x0801513a   0x00000002   PAD
    0x0801513c   0x0801513c   0x0000004c   Code   RO         8632    i._SetClipRectUserIntersect  GUI_CM4F_L.lib(wm.o)
    0x08015188   0x08015188   0x00000020   Code   RO         8495    i._SetColor         GUI_CM4F_L.lib(lcd.o)
    0x080151a8   0x080151a8   0x0000002c   Code   RO         8496    i._SetDrawMode      GUI_CM4F_L.lib(lcd.o)
    0x080151d4   0x080151d4   0x00000018   Code   RO         7060    i._SetLUTEntry      guidrv_template.o
    0x080151ec   0x080151ec   0x00000078   Code   RO         7548    i._SetLineColor     GUI_CM4F_L.lib(gui_drawline.o)
    0x08015264   0x08015264   0x00000034   Code   RO         7639    i._SetMinMax        GUI_CM4F_L.lib(gui_touch_driveranalog.o)
    0x08015298   0x08015298   0x00000012   Code   RO         7061    i._SetOrg           guidrv_template.o
    0x080152aa   0x080152aa   0x0000000e   Code   RO         7966    i._SetOrg           GUI_CM4F_L.lib(guidev_16.o)
    0x080152b8   0x080152b8   0x0000000e   Code   RO         8348    i._SetOrg           GUI_CM4F_L.lib(gui_sprite.o)
    0x080152c6   0x080152c6   0x00000008   Code   RO         9502    i._SetOrg           GUI_CM4F_L.lib(guidev_32.o)
    0x080152ce   0x080152ce   0x0000000c   Code   RO         7062    i._SetPixelIndex    guidrv_template.o
    0x080152da   0x080152da   0x00000002   PAD
    0x080152dc   0x080152dc   0x00000048   Code   RO         7967    i._SetPixelIndex    GUI_CM4F_L.lib(guidev_16.o)
    0x08015324   0x08015324   0x000000bc   Code   RO         8349    i._SetPixelIndex    GUI_CM4F_L.lib(gui_sprite.o)
    0x080153e0   0x080153e0   0x00000048   Code   RO         9503    i._SetPixelIndex    GUI_CM4F_L.lib(guidev_32.o)
    0x08015428   0x08015428   0x0000045c   Code   RO         8350    i._SetPosition      GUI_CM4F_L.lib(gui_sprite.o)
    0x08015884   0x08015884   0x00000036   Code   RO         7063    i._SetSize          guidrv_template.o
    0x080158ba   0x080158ba   0x00000026   Code   RO         7064    i._SetVRAMAddr      guidrv_template.o
    0x080158e0   0x080158e0   0x0000001a   Code   RO         7065    i._SetVSize         guidrv_template.o
    0x080158fa   0x080158fa   0x00000002   PAD
    0x080158fc   0x080158fc   0x00000038   Code   RO         7457    i._Show             GUI_CM4F_L.lib(gui_curs1.o)
    0x08015934   0x08015934   0x000001ec   Code   RO         8351    i._SpriteDraw       GUI_CM4F_L.lib(gui_sprite.o)
    0x08015b20   0x08015b20   0x00000068   Code   RO         9254    i._StoreState       GUI_CM4F_L.lib(gui_pid.o)
    0x08015b88   0x08015b88   0x00000030   Code   RO         7640    i._StoreUnstable    GUI_CM4F_L.lib(gui_touch_driveranalog.o)
    0x08015bb8   0x08015bb8   0x000000ea   Code   RO         7352    i._TestRAM          GUI_CM4F_L.lib(gui_alloc.o)
    0x08015ca2   0x08015ca2   0x00000002   PAD
    0x08015ca4   0x08015ca4   0x000000ec   Code   RO         8352    i._Undraw           GUI_CM4F_L.lib(gui_sprite.o)
    0x08015d90   0x08015d90   0x00000016   Code   RO         8353    i._Unlink           GUI_CM4F_L.lib(gui_sprite.o)
    0x08015da6   0x08015da6   0x00000002   PAD
    0x08015da8   0x08015da8   0x00000050   Code   RO         9371    i._Unlink           GUI_CM4F_L.lib(gui_timer.o)
    0x08015df8   0x08015df8   0x00000030   Code   RO         7491    i._UnlinkDevice     GUI_CM4F_L.lib(gui_device.o)
    0x08015e28   0x08015e28   0x00000028   Code   RO         8058    i._WrapGetNumCharsDisp  GUI_CM4F_L.lib(gui__wrap.o)
    0x08015e50   0x08015e50   0x0000000e   Code   RO         7353    i._WriteTagData     GUI_CM4F_L.lib(gui_alloc.o)
    0x08015e5e   0x08015e5e   0x00000002   PAD
    0x08015e60   0x08015e60   0x00000340   Code   RO         8566    i._WriteToActiveOpaque_8  GUI_CM4F_L.lib(guidev_writetoactiveopaque.o)
    0x080161a0   0x080161a0   0x00000344   Code   RO         8567    i._WriteToActiveOpaque_HT  GUI_CM4F_L.lib(guidev_writetoactiveopaque.o)
    0x080164e4   0x080164e4   0x0000003c   Code   RO         7968    i._XY2PTR           GUI_CM4F_L.lib(guidev_16.o)
    0x08016520   0x08016520   0x0000003c   Code   RO         9504    i._XY2PTR           GUI_CM4F_L.lib(guidev_32.o)
    0x0801655c   0x0801655c   0x00000028   Code   RO         7066    i._XorPixel         guidrv_template.o
    0x08016584   0x08016584   0x00000054   Code   RO         7969    i._XorPixel         GUI_CM4F_L.lib(guidev_16.o)
    0x080165d8   0x080165d8   0x000000dc   Code   RO         8354    i._XorPixel         GUI_CM4F_L.lib(gui_sprite.o)
    0x080166b4   0x080166b4   0x00000058   Code   RO         9505    i._XorPixel         GUI_CM4F_L.lib(guidev_32.o)
    0x0801670c   0x0801670c   0x0000007a   Code   RO         9929    i.__hardfp_sqrt     m_wm.l(sqrt.o)
    0x08016786   0x08016786   0x00000002   PAD
    0x08016788   0x08016788   0x00000084   Code   RO         7549    i._atan2            GUI_CM4F_L.lib(gui_drawline.o)
    0x0801680c   0x0801680c   0x00000050   Code   RO         8633    i._cbBackWin        GUI_CM4F_L.lib(wm.o)
    0x0801685c   0x0801685c   0x00000044   Code   RO         8634    i._cbPaintMemDev    GUI_CM4F_L.lib(wm.o)
    0x080168a0   0x080168a0   0x00000002   Code   RO         3646    i._sys_exit         usart.o
    0x080168a2   0x080168a2   0x00000002   PAD
    0x080168a4   0x080168a4   0x0000004c   Code   RO         3557    i.delay_init        delay.o
    0x080168f0   0x080168f0   0x00000044   Code   RO         3558    i.delay_ms          delay.o
    0x08016934   0x08016934   0x0000000c   Code   RO         3561    i.delay_ostimedly   delay.o
    0x08016940   0x08016940   0x00000044   Code   RO         3562    i.delay_us          delay.o
    0x08016984   0x08016984   0x000001ac   Code   RO         7304    i.emwin_texttest    textdisplay.o
    0x08016b30   0x08016b30   0x00000010   Code   RO            4    i.emwindemo_task    main.o
    0x08016b40   0x08016b40   0x00000014   Code   RO         3647    i.fputc             usart.o
    0x08016b54   0x08016b54   0x00000034   Code   RO            5    i.led0_task         main.o
    0x08016b88   0x08016b88   0x000000f0   Code   RO            6    i.main              main.o
    0x08016c78   0x08016c78   0x0000002c   Code   RO         4726    i.my_mem_init       malloc.o
    0x08016ca4   0x08016ca4   0x00000088   Code   RO         4727    i.my_mem_malloc     malloc.o
    0x08016d2c   0x08016d2c   0x0000003c   Code   RO         4728    i.my_mem_perused    malloc.o
    0x08016d68   0x08016d68   0x00000020   Code   RO         4730    i.mymalloc          malloc.o
    0x08016d88   0x08016d88   0x0000000c   Code   RO         4732    i.mymemset          malloc.o
    0x08016d94   0x08016d94   0x0000015c   Code   RO            7    i.start_task        main.o
    0x08016ef0   0x08016ef0   0x0000001c   Code   RO            8    i.touch_task        main.o
    0x08016f0c   0x08016f0c   0x00000024   Code   RO         3648    i.uart_init         usart.o
    0x08016f30   0x08016f30   0x00000150   Code   RO         9905    x$fpl$dadd          fz_wm.l(daddsub_clz.o)
    0x08017080   0x08017080   0x00000018   Code   RO         9961    x$fpl$dcmpinf       fz_wm.l(dcmpi.o)
    0x08017098   0x08017098   0x0000005a   Code   RO         9911    x$fpl$dfixu         fz_wm.l(dfixu.o)
    0x080170f2   0x080170f2   0x00000026   Code   RO         9915    x$fpl$dfltu         fz_wm.l(dflt_clz.o)
    0x08017118   0x08017118   0x00000078   Code   RO         9921    x$fpl$dleqf         fz_wm.l(dleqf.o)
    0x08017190   0x08017190   0x00000154   Code   RO         9923    x$fpl$dmul          fz_wm.l(dmul.o)
    0x080172e4   0x080172e4   0x0000009c   Code   RO         9963    x$fpl$dnaninf       fz_wm.l(dnaninf.o)
    0x08017380   0x08017380   0x0000000c   Code   RO         9965    x$fpl$dretinf       fz_wm.l(dretinf.o)
    0x0801738c   0x0801738c   0x0000006c   Code   RO         9925    x$fpl$drleqf        fz_wm.l(drleqf.o)
    0x080173f8   0x080173f8   0x00000016   Code   RO         9906    x$fpl$drsb          fz_wm.l(daddsub_clz.o)
    0x0801740e   0x0801740e   0x00000002   PAD
    0x08017410   0x08017410   0x00000198   Code   RO         9967    x$fpl$dsqrt         fz_wm.l(dsqrt_umaal.o)
    0x080175a8   0x080175a8   0x000001d4   Code   RO         9907    x$fpl$dsub          fz_wm.l(daddsub_clz.o)
    0x0801777c   0x0801777c   0x00000056   Code   RO         9927    x$fpl$f2d           fz_wm.l(f2d.o)
    0x080177d2   0x080177d2   0x0000008c   Code   RO         9969    x$fpl$fnaninf       fz_wm.l(fnaninf.o)
    0x0801785e   0x0801785e   0x0000000a   Code   RO        10085    x$fpl$fpinit        fz_wm.l(fpinit.o)
    0x08017868   0x08017868   0x00000000   Code   RO         9971    x$fpl$usenofp       fz_wm.l(usenofp.o)
    0x08017868   0x08017868   0x00000010   Data   RO         1190    .constdata          stm32f4xx_hal_rcc.o
    0x08017878   0x08017878   0x00004740   Data   RO         3847    .constdata          tftlcd.o
    0x0801bfb8   0x0801bfb8   0x00000014   Data   RO         4424    .constdata          ft5206.o
    0x0801bfcc   0x0801bfcc   0x000000c2   Data   RO         4471    .constdata          gt9147.o
    0x0801c08e   0x0801c08e   0x0000000a   Data   RO         4523    .constdata          ott2001a.o
    0x0801c098   0x0801c098   0x00000004   Data   RO         4583    .constdata          touch.o
    0x0801c09c   0x0801c09c   0x000000ce   Data   RO         4678    .constdata          gt9271.o
    0x0801c16a   0x0801c16a   0x00000002   PAD
    0x0801c16c   0x0801c16c   0x00000024   Data   RO         4740    .constdata          malloc.o
    0x0801c190   0x0801c190   0x00000004   Data   RO         5551    .constdata          os_cfg_app.o
    0x0801c194   0x0801c194   0x00000004   Data   RO         5552    .constdata          os_cfg_app.o
    0x0801c198   0x0801c198   0x00000004   Data   RO         5553    .constdata          os_cfg_app.o
    0x0801c19c   0x0801c19c   0x00000004   Data   RO         5555    .constdata          os_cfg_app.o
    0x0801c1a0   0x0801c1a0   0x00000002   Data   RO         5556    .constdata          os_cfg_app.o
    0x0801c1a2   0x0801c1a2   0x00000002   PAD
    0x0801c1a4   0x0801c1a4   0x00000004   Data   RO         5558    .constdata          os_cfg_app.o
    0x0801c1a8   0x0801c1a8   0x00000004   Data   RO         5559    .constdata          os_cfg_app.o
    0x0801c1ac   0x0801c1ac   0x00000004   Data   RO         5560    .constdata          os_cfg_app.o
    0x0801c1b0   0x0801c1b0   0x00000004   Data   RO         5562    .constdata          os_cfg_app.o
    0x0801c1b4   0x0801c1b4   0x00000004   Data   RO         5563    .constdata          os_cfg_app.o
    0x0801c1b8   0x0801c1b8   0x00000002   Data   RO         5565    .constdata          os_cfg_app.o
    0x0801c1ba   0x0801c1ba   0x00000002   PAD
    0x0801c1bc   0x0801c1bc   0x00000004   Data   RO         5567    .constdata          os_cfg_app.o
    0x0801c1c0   0x0801c1c0   0x00000001   Data   RO         5568    .constdata          os_cfg_app.o
    0x0801c1c1   0x0801c1c1   0x00000003   PAD
    0x0801c1c4   0x0801c1c4   0x00000004   Data   RO         5569    .constdata          os_cfg_app.o
    0x0801c1c8   0x0801c1c8   0x00000004   Data   RO         5570    .constdata          os_cfg_app.o
    0x0801c1cc   0x0801c1cc   0x00000004   Data   RO         5571    .constdata          os_cfg_app.o
    0x0801c1d0   0x0801c1d0   0x00000004   Data   RO         5572    .constdata          os_cfg_app.o
    0x0801c1d4   0x0801c1d4   0x00000004   Data   RO         5574    .constdata          os_cfg_app.o
    0x0801c1d8   0x0801c1d8   0x00000004   Data   RO         5575    .constdata          os_cfg_app.o
    0x0801c1dc   0x0801c1dc   0x00000001   Data   RO         5576    .constdata          os_cfg_app.o
    0x0801c1dd   0x0801c1dd   0x00000003   PAD
    0x0801c1e0   0x0801c1e0   0x00000004   Data   RO         5577    .constdata          os_cfg_app.o
    0x0801c1e4   0x0801c1e4   0x00000004   Data   RO         5578    .constdata          os_cfg_app.o
    0x0801c1e8   0x0801c1e8   0x00000004   Data   RO         5579    .constdata          os_cfg_app.o
    0x0801c1ec   0x0801c1ec   0x00000001   Data   RO         5581    .constdata          os_cfg_app.o
    0x0801c1ed   0x0801c1ed   0x00000003   PAD
    0x0801c1f0   0x0801c1f0   0x00000004   Data   RO         5582    .constdata          os_cfg_app.o
    0x0801c1f4   0x0801c1f4   0x00000004   Data   RO         5583    .constdata          os_cfg_app.o
    0x0801c1f8   0x0801c1f8   0x00000004   Data   RO         5584    .constdata          os_cfg_app.o
    0x0801c1fc   0x0801c1fc   0x00000004   Data   RO         5585    .constdata          os_cfg_app.o
    0x0801c200   0x0801c200   0x00000034   Data   RO         7067    .constdata          guidrv_template.o
    0x0801c234   0x0801c234   0x00000008   Data   RO         7305    .constdata          textdisplay.o
    0x0801c23c   0x0801c23c   0x00000008   Data   RO         7410    .constdata          GUI_CM4F_L.lib(gui_core.o)
    0x0801c244   0x0801c244   0x00000008   Data   RO         7492    .constdata          GUI_CM4F_L.lib(gui_device.o)
    0x0801c24c   0x0801c24c   0x00000044   Data   RO         7550    .constdata          GUI_CM4F_L.lib(gui_drawline.o)
    0x0801c290   0x0801c290   0x00000018   Data   RO         7666    .constdata          GUI_CM4F_L.lib(guicc_m565.o)
    0x0801c2a8   0x0801c2a8   0x00000518   Data   RO         7820    .constdata          GUI_CM4F_L.lib(f6x8.o)
    0x0801c7c0   0x0801c7c0   0x000001c0   Data   RO         7821    .constdata          GUI_CM4F_L.lib(f6x8.o)
    0x0801c980   0x0801c980   0x00000008   Data   RO         7822    .constdata          GUI_CM4F_L.lib(f6x8.o)
    0x0801c988   0x0801c988   0x00000014   Data   RO         7823    .constdata          GUI_CM4F_L.lib(f6x8.o)
    0x0801c99c   0x0801c99c   0x00000024   Data   RO         7824    .constdata          GUI_CM4F_L.lib(f6x8.o)
    0x0801c9c0   0x0801c9c0   0x00000a30   Data   RO         7832    .constdata          GUI_CM4F_L.lib(f8x16.o)
    0x0801d3f0   0x0801d3f0   0x000001c0   Data   RO         7833    .constdata          GUI_CM4F_L.lib(f8x16.o)
    0x0801d5b0   0x0801d5b0   0x00000008   Data   RO         7834    .constdata          GUI_CM4F_L.lib(f8x16.o)
    0x0801d5b8   0x0801d5b8   0x00000014   Data   RO         7835    .constdata          GUI_CM4F_L.lib(f8x16.o)
    0x0801d5cc   0x0801d5cc   0x00000024   Data   RO         7836    .constdata          GUI_CM4F_L.lib(f8x16.o)
    0x0801d5f0   0x0801d5f0   0x00000018   Data   RO         7850    .constdata          GUI_CM4F_L.lib(f24_ascii.o)
    0x0801d608   0x0801d608   0x00000018   Data   RO         7851    .constdata          GUI_CM4F_L.lib(f24_ascii.o)
    0x0801d620   0x0801d620   0x00000018   Data   RO         7852    .constdata          GUI_CM4F_L.lib(f24_ascii.o)
    0x0801d638   0x0801d638   0x00000030   Data   RO         7853    .constdata          GUI_CM4F_L.lib(f24_ascii.o)
    0x0801d668   0x0801d668   0x00000030   Data   RO         7854    .constdata          GUI_CM4F_L.lib(f24_ascii.o)
    0x0801d698   0x0801d698   0x00000048   Data   RO         7855    .constdata          GUI_CM4F_L.lib(f24_ascii.o)
    0x0801d6e0   0x0801d6e0   0x00000030   Data   RO         7856    .constdata          GUI_CM4F_L.lib(f24_ascii.o)
    0x0801d710   0x0801d710   0x00000018   Data   RO         7857    .constdata          GUI_CM4F_L.lib(f24_ascii.o)
    0x0801d728   0x0801d728   0x00000018   Data   RO         7858    .constdata          GUI_CM4F_L.lib(f24_ascii.o)
    0x0801d740   0x0801d740   0x00000018   Data   RO         7859    .constdata          GUI_CM4F_L.lib(f24_ascii.o)
    0x0801d758   0x0801d758   0x00000018   Data   RO         7860    .constdata          GUI_CM4F_L.lib(f24_ascii.o)
    0x0801d770   0x0801d770   0x00000030   Data   RO         7861    .constdata          GUI_CM4F_L.lib(f24_ascii.o)
    0x0801d7a0   0x0801d7a0   0x00000018   Data   RO         7862    .constdata          GUI_CM4F_L.lib(f24_ascii.o)
    0x0801d7b8   0x0801d7b8   0x00000018   Data   RO         7863    .constdata          GUI_CM4F_L.lib(f24_ascii.o)
    0x0801d7d0   0x0801d7d0   0x00000018   Data   RO         7864    .constdata          GUI_CM4F_L.lib(f24_ascii.o)
    0x0801d7e8   0x0801d7e8   0x00000018   Data   RO         7865    .constdata          GUI_CM4F_L.lib(f24_ascii.o)
    0x0801d800   0x0801d800   0x00000030   Data   RO         7866    .constdata          GUI_CM4F_L.lib(f24_ascii.o)
    0x0801d830   0x0801d830   0x00000030   Data   RO         7867    .constdata          GUI_CM4F_L.lib(f24_ascii.o)
    0x0801d860   0x0801d860   0x00000030   Data   RO         7868    .constdata          GUI_CM4F_L.lib(f24_ascii.o)
    0x0801d890   0x0801d890   0x00000030   Data   RO         7869    .constdata          GUI_CM4F_L.lib(f24_ascii.o)
    0x0801d8c0   0x0801d8c0   0x00000030   Data   RO         7870    .constdata          GUI_CM4F_L.lib(f24_ascii.o)
    0x0801d8f0   0x0801d8f0   0x00000030   Data   RO         7871    .constdata          GUI_CM4F_L.lib(f24_ascii.o)
    0x0801d920   0x0801d920   0x00000030   Data   RO         7872    .constdata          GUI_CM4F_L.lib(f24_ascii.o)
    0x0801d950   0x0801d950   0x00000030   Data   RO         7873    .constdata          GUI_CM4F_L.lib(f24_ascii.o)
    0x0801d980   0x0801d980   0x00000030   Data   RO         7874    .constdata          GUI_CM4F_L.lib(f24_ascii.o)
    0x0801d9b0   0x0801d9b0   0x00000030   Data   RO         7875    .constdata          GUI_CM4F_L.lib(f24_ascii.o)
    0x0801d9e0   0x0801d9e0   0x00000018   Data   RO         7876    .constdata          GUI_CM4F_L.lib(f24_ascii.o)
    0x0801d9f8   0x0801d9f8   0x00000018   Data   RO         7877    .constdata          GUI_CM4F_L.lib(f24_ascii.o)
    0x0801da10   0x0801da10   0x00000030   Data   RO         7878    .constdata          GUI_CM4F_L.lib(f24_ascii.o)
    0x0801da40   0x0801da40   0x00000030   Data   RO         7879    .constdata          GUI_CM4F_L.lib(f24_ascii.o)
    0x0801da70   0x0801da70   0x00000030   Data   RO         7880    .constdata          GUI_CM4F_L.lib(f24_ascii.o)
    0x0801daa0   0x0801daa0   0x00000030   Data   RO         7881    .constdata          GUI_CM4F_L.lib(f24_ascii.o)
    0x0801dad0   0x0801dad0   0x00000048   Data   RO         7882    .constdata          GUI_CM4F_L.lib(f24_ascii.o)
    0x0801db18   0x0801db18   0x00000030   Data   RO         7883    .constdata          GUI_CM4F_L.lib(f24_ascii.o)
    0x0801db48   0x0801db48   0x00000030   Data   RO         7884    .constdata          GUI_CM4F_L.lib(f24_ascii.o)
    0x0801db78   0x0801db78   0x00000030   Data   RO         7885    .constdata          GUI_CM4F_L.lib(f24_ascii.o)
    0x0801dba8   0x0801dba8   0x00000030   Data   RO         7886    .constdata          GUI_CM4F_L.lib(f24_ascii.o)
    0x0801dbd8   0x0801dbd8   0x00000030   Data   RO         7887    .constdata          GUI_CM4F_L.lib(f24_ascii.o)
    0x0801dc08   0x0801dc08   0x00000030   Data   RO         7888    .constdata          GUI_CM4F_L.lib(f24_ascii.o)
    0x0801dc38   0x0801dc38   0x00000030   Data   RO         7889    .constdata          GUI_CM4F_L.lib(f24_ascii.o)
    0x0801dc68   0x0801dc68   0x00000030   Data   RO         7890    .constdata          GUI_CM4F_L.lib(f24_ascii.o)
    0x0801dc98   0x0801dc98   0x00000018   Data   RO         7891    .constdata          GUI_CM4F_L.lib(f24_ascii.o)
    0x0801dcb0   0x0801dcb0   0x00000030   Data   RO         7892    .constdata          GUI_CM4F_L.lib(f24_ascii.o)
    0x0801dce0   0x0801dce0   0x00000030   Data   RO         7893    .constdata          GUI_CM4F_L.lib(f24_ascii.o)
    0x0801dd10   0x0801dd10   0x00000030   Data   RO         7894    .constdata          GUI_CM4F_L.lib(f24_ascii.o)
    0x0801dd40   0x0801dd40   0x00000048   Data   RO         7895    .constdata          GUI_CM4F_L.lib(f24_ascii.o)
    0x0801dd88   0x0801dd88   0x00000030   Data   RO         7896    .constdata          GUI_CM4F_L.lib(f24_ascii.o)
    0x0801ddb8   0x0801ddb8   0x00000030   Data   RO         7897    .constdata          GUI_CM4F_L.lib(f24_ascii.o)
    0x0801dde8   0x0801dde8   0x00000030   Data   RO         7898    .constdata          GUI_CM4F_L.lib(f24_ascii.o)
    0x0801de18   0x0801de18   0x00000030   Data   RO         7899    .constdata          GUI_CM4F_L.lib(f24_ascii.o)
    0x0801de48   0x0801de48   0x00000030   Data   RO         7900    .constdata          GUI_CM4F_L.lib(f24_ascii.o)
    0x0801de78   0x0801de78   0x00000030   Data   RO         7901    .constdata          GUI_CM4F_L.lib(f24_ascii.o)
    0x0801dea8   0x0801dea8   0x00000030   Data   RO         7902    .constdata          GUI_CM4F_L.lib(f24_ascii.o)
    0x0801ded8   0x0801ded8   0x00000030   Data   RO         7903    .constdata          GUI_CM4F_L.lib(f24_ascii.o)
    0x0801df08   0x0801df08   0x00000030   Data   RO         7904    .constdata          GUI_CM4F_L.lib(f24_ascii.o)
    0x0801df38   0x0801df38   0x00000048   Data   RO         7905    .constdata          GUI_CM4F_L.lib(f24_ascii.o)
    0x0801df80   0x0801df80   0x00000030   Data   RO         7906    .constdata          GUI_CM4F_L.lib(f24_ascii.o)
    0x0801dfb0   0x0801dfb0   0x00000030   Data   RO         7907    .constdata          GUI_CM4F_L.lib(f24_ascii.o)
    0x0801dfe0   0x0801dfe0   0x00000030   Data   RO         7908    .constdata          GUI_CM4F_L.lib(f24_ascii.o)
    0x0801e010   0x0801e010   0x00000018   Data   RO         7909    .constdata          GUI_CM4F_L.lib(f24_ascii.o)
    0x0801e028   0x0801e028   0x00000018   Data   RO         7910    .constdata          GUI_CM4F_L.lib(f24_ascii.o)
    0x0801e040   0x0801e040   0x00000018   Data   RO         7911    .constdata          GUI_CM4F_L.lib(f24_ascii.o)
    0x0801e058   0x0801e058   0x00000018   Data   RO         7912    .constdata          GUI_CM4F_L.lib(f24_ascii.o)
    0x0801e070   0x0801e070   0x00000030   Data   RO         7913    .constdata          GUI_CM4F_L.lib(f24_ascii.o)
    0x0801e0a0   0x0801e0a0   0x00000018   Data   RO         7914    .constdata          GUI_CM4F_L.lib(f24_ascii.o)
    0x0801e0b8   0x0801e0b8   0x00000030   Data   RO         7915    .constdata          GUI_CM4F_L.lib(f24_ascii.o)
    0x0801e0e8   0x0801e0e8   0x00000030   Data   RO         7916    .constdata          GUI_CM4F_L.lib(f24_ascii.o)
    0x0801e118   0x0801e118   0x00000030   Data   RO         7917    .constdata          GUI_CM4F_L.lib(f24_ascii.o)
    0x0801e148   0x0801e148   0x00000030   Data   RO         7918    .constdata          GUI_CM4F_L.lib(f24_ascii.o)
    0x0801e178   0x0801e178   0x00000030   Data   RO         7919    .constdata          GUI_CM4F_L.lib(f24_ascii.o)
    0x0801e1a8   0x0801e1a8   0x00000018   Data   RO         7920    .constdata          GUI_CM4F_L.lib(f24_ascii.o)
    0x0801e1c0   0x0801e1c0   0x00000030   Data   RO         7921    .constdata          GUI_CM4F_L.lib(f24_ascii.o)
    0x0801e1f0   0x0801e1f0   0x00000030   Data   RO         7922    .constdata          GUI_CM4F_L.lib(f24_ascii.o)
    0x0801e220   0x0801e220   0x00000018   Data   RO         7923    .constdata          GUI_CM4F_L.lib(f24_ascii.o)
    0x0801e238   0x0801e238   0x00000018   Data   RO         7924    .constdata          GUI_CM4F_L.lib(f24_ascii.o)
    0x0801e250   0x0801e250   0x00000030   Data   RO         7925    .constdata          GUI_CM4F_L.lib(f24_ascii.o)
    0x0801e280   0x0801e280   0x00000018   Data   RO         7926    .constdata          GUI_CM4F_L.lib(f24_ascii.o)
    0x0801e298   0x0801e298   0x00000030   Data   RO         7927    .constdata          GUI_CM4F_L.lib(f24_ascii.o)
    0x0801e2c8   0x0801e2c8   0x00000030   Data   RO         7928    .constdata          GUI_CM4F_L.lib(f24_ascii.o)
    0x0801e2f8   0x0801e2f8   0x00000030   Data   RO         7929    .constdata          GUI_CM4F_L.lib(f24_ascii.o)
    0x0801e328   0x0801e328   0x00000030   Data   RO         7930    .constdata          GUI_CM4F_L.lib(f24_ascii.o)
    0x0801e358   0x0801e358   0x00000030   Data   RO         7931    .constdata          GUI_CM4F_L.lib(f24_ascii.o)
    0x0801e388   0x0801e388   0x00000018   Data   RO         7932    .constdata          GUI_CM4F_L.lib(f24_ascii.o)
    0x0801e3a0   0x0801e3a0   0x00000030   Data   RO         7933    .constdata          GUI_CM4F_L.lib(f24_ascii.o)
    0x0801e3d0   0x0801e3d0   0x00000018   Data   RO         7934    .constdata          GUI_CM4F_L.lib(f24_ascii.o)
    0x0801e3e8   0x0801e3e8   0x00000030   Data   RO         7935    .constdata          GUI_CM4F_L.lib(f24_ascii.o)
    0x0801e418   0x0801e418   0x00000030   Data   RO         7936    .constdata          GUI_CM4F_L.lib(f24_ascii.o)
    0x0801e448   0x0801e448   0x00000030   Data   RO         7937    .constdata          GUI_CM4F_L.lib(f24_ascii.o)
    0x0801e478   0x0801e478   0x00000030   Data   RO         7938    .constdata          GUI_CM4F_L.lib(f24_ascii.o)
    0x0801e4a8   0x0801e4a8   0x00000030   Data   RO         7939    .constdata          GUI_CM4F_L.lib(f24_ascii.o)
    0x0801e4d8   0x0801e4d8   0x00000030   Data   RO         7940    .constdata          GUI_CM4F_L.lib(f24_ascii.o)
    0x0801e508   0x0801e508   0x00000018   Data   RO         7941    .constdata          GUI_CM4F_L.lib(f24_ascii.o)
    0x0801e520   0x0801e520   0x00000018   Data   RO         7942    .constdata          GUI_CM4F_L.lib(f24_ascii.o)
    0x0801e538   0x0801e538   0x00000018   Data   RO         7943    .constdata          GUI_CM4F_L.lib(f24_ascii.o)
    0x0801e550   0x0801e550   0x00000030   Data   RO         7944    .constdata          GUI_CM4F_L.lib(f24_ascii.o)
    0x0801e580   0x0801e580   0x000002f8   Data   RO         7945    .constdata          GUI_CM4F_L.lib(f24_ascii.o)
    0x0801e878   0x0801e878   0x0000000c   Data   RO         7946    .constdata          GUI_CM4F_L.lib(f24_ascii.o)
    0x0801e884   0x0801e884   0x00000024   Data   RO         7947    .constdata          GUI_CM4F_L.lib(f24_ascii.o)
    0x0801e8a8   0x0801e8a8   0x00000074   Data   RO         7970    .constdata          GUI_CM4F_L.lib(guidev_16.o)
    0x0801e91c   0x0801e91c   0x00000100   Data   RO         8001    .constdata          GUI_CM4F_L.lib(gui__divtbl_255_31.o)
    0x0801ea1c   0x0801ea1c   0x00000100   Data   RO         8008    .constdata          GUI_CM4F_L.lib(gui__divtbl_255_63.o)
    0x0801eb1c   0x0801eb1c   0x00000020   Data   RO         8015    .constdata          GUI_CM4F_L.lib(gui__divtbl_31_255.o)
    0x0801eb3c   0x0801eb3c   0x00000040   Data   RO         8022    .constdata          GUI_CM4F_L.lib(gui__divtbl_63_255.o)
    0x0801eb7c   0x0801eb7c   0x00000014   Data   RO         8153    .constdata          GUI_CM4F_L.lib(gui_cursorarrowm.o)
    0x0801eb90   0x0801eb90   0x0000000c   Data   RO         8154    .constdata          GUI_CM4F_L.lib(gui_cursorarrowm.o)
    0x0801eb9c   0x0801eb9c   0x00000008   Data   RO         8250    .constdata          GUI_CM4F_L.lib(gui_multibuf.o)
    0x0801eba4   0x0801eba4   0x00000034   Data   RO         8355    .constdata          GUI_CM4F_L.lib(gui_sprite.o)
    0x0801ebd8   0x0801ebd8   0x00000010   Data   RO         8467    .constdata          GUI_CM4F_L.lib(gui_uc_encodenone.o)
    0x0801ebe8   0x0801ebe8   0x0000000c   Data   RO         8497    .constdata          GUI_CM4F_L.lib(lcd.o)
    0x0801ebf4   0x0801ebf4   0x00000100   Data   RO         8544    .constdata          GUI_CM4F_L.lib(lcd_mirror.o)
    0x0801ecf4   0x0801ecf4   0x00000008   Data   RO         8568    .constdata          GUI_CM4F_L.lib(guidev_writetoactiveopaque.o)
    0x0801ecfc   0x0801ecfc   0x0000003c   Data   RO         8810    .constdata          GUI_CM4F_L.lib(gui_cursorarrowmpx.o)
    0x0801ed38   0x0801ed38   0x0000000c   Data   RO         8817    .constdata          GUI_CM4F_L.lib(gui_cursorpal.o)
    0x0801ed44   0x0801ed44   0x0000000c   Data   RO         8818    .constdata          GUI_CM4F_L.lib(gui_cursorpal.o)
    0x0801ed50   0x0801ed50   0x00000018   Data   RO         8972    .constdata          GUI_CM4F_L.lib(guicc_0.o)
    0x0801ed68   0x0801ed68   0x00000018   Data   RO         9420    .constdata          GUI_CM4F_L.lib(guicc_8888.o)
    0x0801ed80   0x0801ed80   0x00000074   Data   RO         9506    .constdata          GUI_CM4F_L.lib(guidev_32.o)
    0x0801edf4   0x0801edf4   0x00000018   Data   RO         9596    .constdata          GUI_CM4F_L.lib(guidev_usagebm.o)
    0x0801ee0c   0x0801ee0c   0x00000028   Data   RO         9846    .constdata          c_w.l(_printf_hex_int.o)
    0x0801ee34   0x0801ee34   0x00000079   Data   RO         4584    .conststring        touch.o
    0x0801eead   0x0801eead   0x00000003   PAD
    0x0801eeb0   0x0801eeb0   0x00000020   Data   RO        10141    Region$$Table       anon$$obj.o


    Execution Region RW_IRAM1 (Exec base: 0x20000000, Load base: 0x0801eed0, Size: 0x00011498, Max: 0x00030000, ABSOLUTE, COMPRESSED[0x000000a4])

    Exec Addr    Load Addr    Size         Type   Attr      Idx    E Section Name        Object

    0x20000000   COMPRESSED   0x00000014   Data   RW          496    .data               system_stm32f4xx.o
    0x20000014   COMPRESSED   0x00000004   Data   RW          660    .data               stm32f4xx_hal.o
    0x20000018   COMPRESSED   0x00000008   Data   RW         3563    .data               delay.o
    0x20000020   COMPRESSED   0x00000002   Data   RW         3650    .data               usart.o
    0x20000022   COMPRESSED   0x00000002   PAD
    0x20000024   COMPRESSED   0x00000004   Data   RW         3651    .data               usart.o
    0x20000028   COMPRESSED   0x00000008   Data   RW         3848    .data               tftlcd.o
    0x20000030   COMPRESSED   0x00000008   Data   RW         4051    .data               ltdc.o
    0x20000038   COMPRESSED   0x00000007   Data   RW         4425    .data               ft5206.o
    0x2000003f   COMPRESSED   0x00000001   Data   RW         4472    .data               gt9147.o
    0x20000040   COMPRESSED   0x00000001   Data   RW         4524    .data               ott2001a.o
    0x20000041   COMPRESSED   0x00000003   PAD
    0x20000044   COMPRESSED   0x0000004c   Data   RW         4585    .data               touch.o
    0x20000090   COMPRESSED   0x00000001   Data   RW         4679    .data               gt9271.o
    0x20000091   COMPRESSED   0x00000003   PAD
    0x20000094   COMPRESSED   0x00000024   Data   RW         4741    .data               malloc.o
    0x200000b8   COMPRESSED   0x0000001c   Data   RW         4936    .data               cpu_core.o
    0x200000d4   COMPRESSED   0x00000008   Data   RW         6105    .data               os_prio.o
    0x200000dc   COMPRESSED   0x00000004   Data   RW         6658    .data               os_var.o
    0x200000e0   COMPRESSED   0x00000004   Data   RW         6659    .data               os_var.o
    0x200000e4   COMPRESSED   0x00000004   Data   RW         6660    .data               os_var.o
    0x200000e8   COMPRESSED   0x00000004   Data   RW         6661    .data               os_var.o
    0x200000ec   COMPRESSED   0x00000004   Data   RW         6662    .data               os_var.o
    0x200000f0   COMPRESSED   0x00000004   Data   RW         6663    .data               os_var.o
    0x200000f4   COMPRESSED   0x00000004   Data   RW         6664    .data               os_var.o
    0x200000f8   COMPRESSED   0x00000004   Data   RW         6665    .data               os_var.o
    0x200000fc   COMPRESSED   0x00000001   Data   RW         6666    .data               os_var.o
    0x200000fd   COMPRESSED   0x00000003   PAD
    0x20000100   COMPRESSED   0x00000004   Data   RW         6667    .data               os_var.o
    0x20000104   COMPRESSED   0x00000001   Data   RW         6668    .data               os_var.o
    0x20000105   COMPRESSED   0x00000003   PAD
    0x20000108   COMPRESSED   0x00000004   Data   RW         6669    .data               os_var.o
    0x2000010c   COMPRESSED   0x00000004   Data   RW         6670    .data               os_var.o
    0x20000110   COMPRESSED   0x00000002   Data   RW         6671    .data               os_var.o
    0x20000112   COMPRESSED   0x00000002   Data   RW         6672    .data               os_var.o
    0x20000114   COMPRESSED   0x00000002   Data   RW         6673    .data               os_var.o
    0x20000116   COMPRESSED   0x00000002   PAD
    0x20000118   COMPRESSED   0x00000004   Data   RW         6674    .data               os_var.o
    0x2000011c   COMPRESSED   0x00000004   Data   RW         6675    .data               os_var.o
    0x20000120   COMPRESSED   0x00000002   Data   RW         6676    .data               os_var.o
    0x20000122   COMPRESSED   0x00000002   PAD
    0x20000124   COMPRESSED   0x00000004   Data   RW         6677    .data               os_var.o
    0x20000128   COMPRESSED   0x00000002   Data   RW         6678    .data               os_var.o
    0x2000012a   COMPRESSED   0x00000002   PAD
    0x2000012c   COMPRESSED   0x00000004   Data   RW         6679    .data               os_var.o
    0x20000130   COMPRESSED   0x00000002   Data   RW         6680    .data               os_var.o
    0x20000132   COMPRESSED   0x00000001   Data   RW         6681    .data               os_var.o
    0x20000133   COMPRESSED   0x00000001   Data   RW         6682    .data               os_var.o
    0x20000134   COMPRESSED   0x00000001   Data   RW         6683    .data               os_var.o
    0x20000135   COMPRESSED   0x00000003   PAD
    0x20000138   COMPRESSED   0x00000004   Data   RW         6684    .data               os_var.o
    0x2000013c   COMPRESSED   0x00000002   Data   RW         6685    .data               os_var.o
    0x2000013e   COMPRESSED   0x00000001   Data   RW         6686    .data               os_var.o
    0x2000013f   COMPRESSED   0x00000001   PAD
    0x20000140   COMPRESSED   0x00000004   Data   RW         6687    .data               os_var.o
    0x20000144   COMPRESSED   0x00000002   Data   RW         6688    .data               os_var.o
    0x20000146   COMPRESSED   0x00000001   Data   RW         6689    .data               os_var.o
    0x20000147   COMPRESSED   0x00000001   PAD
    0x20000148   COMPRESSED   0x00000002   Data   RW         6690    .data               os_var.o
    0x2000014a   COMPRESSED   0x00000002   Data   RW         6691    .data               os_var.o
    0x2000014c   COMPRESSED   0x00000004   Data   RW         6692    .data               os_var.o
    0x20000150   COMPRESSED   0x00000004   Data   RW         6693    .data               os_var.o
    0x20000154   COMPRESSED   0x00000004   Data   RW         6694    .data               os_var.o
    0x20000158   COMPRESSED   0x00000001   Data   RW         6695    .data               os_var.o
    0x20000159   COMPRESSED   0x00000003   PAD
    0x2000015c   COMPRESSED   0x00000004   Data   RW         6696    .data               os_var.o
    0x20000160   COMPRESSED   0x00000004   Data   RW         6697    .data               os_var.o
    0x20000164   COMPRESSED   0x00000004   Data   RW         6698    .data               os_var.o
    0x20000168   COMPRESSED   0x00000002   Data   RW         6699    .data               os_var.o
    0x2000016a   COMPRESSED   0x00000001   Data   RW         6700    .data               os_var.o
    0x2000016b   COMPRESSED   0x00000001   PAD
    0x2000016c   COMPRESSED   0x00000004   Data   RW         6701    .data               os_var.o
    0x20000170   COMPRESSED   0x00000004   Data   RW         6702    .data               os_var.o
    0x20000174   COMPRESSED   0x00000008   Data   RW         6703    .data               os_var.o
    0x2000017c   COMPRESSED   0x00000008   Data   RW         6704    .data               os_var.o
    0x20000184   COMPRESSED   0x00000004   Data   RW         6705    .data               os_var.o
    0x20000188   COMPRESSED   0x00000002   Data   RW         6706    .data               os_var.o
    0x2000018a   COMPRESSED   0x00000002   PAD
    0x2000018c   COMPRESSED   0x00000004   Data   RW         6707    .data               os_var.o
    0x20000190   COMPRESSED   0x00000004   Data   RW         6709    .data               os_var.o
    0x20000194   COMPRESSED   0x00000004   Data   RW         6710    .data               os_var.o
    0x20000198   COMPRESSED   0x00000004   Data   RW         6711    .data               os_var.o
    0x2000019c   COMPRESSED   0x00000004   Data   RW         6712    .data               os_var.o
    0x200001a0   COMPRESSED   0x00000004   Data   RW         6713    .data               os_var.o
    0x200001a4   COMPRESSED   0x00000004   Data   RW         6714    .data               os_var.o
    0x200001a8   COMPRESSED   0x00000004   Data   RW         6738    .data               os_cpu_c.o
    0x200001ac   COMPRESSED   0x00000014   Data   RW         6940    .data               gui_x_ucosiii.o
    0x200001c0   COMPRESSED   0x00000008   Data   RW         7068    .data               guidrv_template.o
    0x200001c8   COMPRESSED   0x00000008   Data   RW         7355    .data               GUI_CM4F_L.lib(gui_alloc.o)
    0x200001d0   COMPRESSED   0x0000002c   Data   RW         7411    .data               GUI_CM4F_L.lib(gui_core.o)
    0x200001fc   COMPRESSED   0x00000004   Data   RW         7412    .data               GUI_CM4F_L.lib(gui_core.o)
    0x20000200   COMPRESSED   0x00000004   Data   RW         7414    .data               GUI_CM4F_L.lib(gui_core.o)
    0x20000204   COMPRESSED   0x00000004   Data   RW         7415    .data               GUI_CM4F_L.lib(gui_core.o)
    0x20000208   COMPRESSED   0x00000004   Data   RW         7416    .data               GUI_CM4F_L.lib(gui_core.o)
    0x2000020c   COMPRESSED   0x00000004   Data   RW         7417    .data               GUI_CM4F_L.lib(gui_core.o)
    0x20000210   COMPRESSED   0x00000004   Data   RW         7418    .data               GUI_CM4F_L.lib(gui_core.o)
    0x20000214   COMPRESSED   0x00000002   Data   RW         7419    .data               GUI_CM4F_L.lib(gui_core.o)
    0x20000216   COMPRESSED   0x00000001   Data   RW         7420    .data               GUI_CM4F_L.lib(gui_core.o)
    0x20000217   COMPRESSED   0x00000001   PAD
    0x20000218   COMPRESSED   0x00000004   Data   RW         7421    .data               GUI_CM4F_L.lib(gui_core.o)
    0x2000021c   COMPRESSED   0x00000002   Data   RW         7422    .data               GUI_CM4F_L.lib(gui_core.o)
    0x2000021e   COMPRESSED   0x00000002   Data   RW         7423    .data               GUI_CM4F_L.lib(gui_core.o)
    0x20000220   COMPRESSED   0x0000000c   Data   RW         7459    .data               GUI_CM4F_L.lib(gui_curs1.o)
    0x2000022c   COMPRESSED   0x00000030   Data   RW         7642    .data               GUI_CM4F_L.lib(gui_touch_driveranalog.o)
    0x2000025c   COMPRESSED   0x00000008   Data   RW         7667    .data               GUI_CM4F_L.lib(guicc_m565.o)
    0x20000264   COMPRESSED   0x00000008   Data   RW         8059    .data               GUI_CM4F_L.lib(gui__wrap.o)
    0x2000026c   COMPRESSED   0x00000004   Data   RW         8110    .data               GUI_CM4F_L.lib(gui_charline.o)
    0x20000270   COMPRESSED   0x00000004   Data   RW         8205    .data               GUI_CM4F_L.lib(gui_fillpolygon.o)
    0x20000274   COMPRESSED   0x00000024   Data   RW         8252    .data               GUI_CM4F_L.lib(gui_multibuf.o)
    0x20000298   COMPRESSED   0x00000008   Data   RW         8279    .data               GUI_CM4F_L.lib(gui_selectlayer.o)
    0x200002a0   COMPRESSED   0x0000001c   Data   RW         8415    .data               GUI_CM4F_L.lib(gui_task.o)
    0x200002bc   COMPRESSED   0x00000008   Data   RW         8433    .data               GUI_CM4F_L.lib(gui_touch_storeunstable.o)
    0x200002c4   COMPRESSED   0x00000004   Data   RW         8498    .data               GUI_CM4F_L.lib(lcd.o)
    0x200002c8   COMPRESSED   0x00000010   Data   RW         8530    .data               GUI_CM4F_L.lib(lcd_color.o)
    0x200002d8   COMPRESSED   0x00000064   Data   RW         8637    .data               GUI_CM4F_L.lib(wm.o)
    0x2000033c   COMPRESSED   0x00000001   Data   RW         8638    .data               GUI_CM4F_L.lib(wm.o)
    0x2000033d   COMPRESSED   0x00000003   PAD
    0x20000340   COMPRESSED   0x00000028   Data   RW         8726    .data               GUI_CM4F_L.lib(gui__alpha.o)
    0x20000368   COMPRESSED   0x00000014   Data   RW         8767    .data               GUI_CM4F_L.lib(gui__managecache.o)
    0x2000037c   COMPRESSED   0x00000010   Data   RW         8876    .data               GUI_CM4F_L.lib(gui_onkey.o)
    0x2000038c   COMPRESSED   0x0000000c   Data   RW         8954    .data               GUI_CM4F_L.lib(gui_waitevent.o)
    0x20000398   COMPRESSED   0x00000004   Data   RW         8992    .data               GUI_CM4F_L.lib(lcd_aa.o)
    0x2000039c   COMPRESSED   0x00000004   Data   RW         9052    .data               GUI_CM4F_L.lib(guidev_banding.o)
    0x200003a0   COMPRESSED   0x00000001   Data   RW         9081    .data               GUI_CM4F_L.lib(guidev_staticdevices.o)
    0x200003a1   COMPRESSED   0x00000003   PAD
    0x200003a4   COMPRESSED   0x00000004   Data   RW         9100    .data               GUI_CM4F_L.lib(wm__sendmessage.o)
    0x200003a8   COMPRESSED   0x0000000c   Data   RW         9196    .data               GUI_CM4F_L.lib(wm_touch.o)
    0x200003b4   COMPRESSED   0x0000000c   Data   RW         9256    .data               GUI_CM4F_L.lib(gui_pid.o)
    0x200003c0   COMPRESSED   0x00000014   Data   RW         9372    .data               GUI_CM4F_L.lib(gui_timer.o)
    0x200003d4        -       0x00001100   Zero   RW            9    .bss                main.o
    0x200014d4        -       0x00000108   Zero   RW         3649    .bss                usart.o
    0x200015dc        -       0x00000034   Zero   RW         3765    .bss                sdram.o
    0x20001610        -       0x0000005e   Zero   RW         3846    .bss                tftlcd.o
    0x2000166e   COMPRESSED   0x00000002   PAD
    0x20001670        -       0x000000c8   Zero   RW         4049    .bss                ltdc.o
    0x20001738        -       0x00000078   Zero   RW         4153    .bss                timer.o
    0x200017b0   COMPRESSED   0x00000010   PAD
    0x200017c0        -       0x0000c800   Zero   RW         4738    .bss                malloc.o
    0x2000dfc0        -       0x00000c80   Zero   RW         4739    .bss                malloc.o
    0x2000ec40        -       0x00000010   Zero   RW         4933    .bss                cpu_core.o
    0x2000ec50        -       0x00000200   Zero   RW         5543    .bss                os_cfg_app.o
    0x2000ee50        -       0x00000140   Zero   RW         5544    .bss                os_cfg_app.o
    0x2000ef90        -       0x00000190   Zero   RW         5545    .bss                os_cfg_app.o
    0x2000f120        -       0x00000190   Zero   RW         5546    .bss                os_cfg_app.o
    0x2000f2b0        -       0x00000640   Zero   RW         5547    .bss                os_cfg_app.o
    0x2000f8f0        -       0x00000190   Zero   RW         5548    .bss                os_cfg_app.o
    0x2000fa80        -       0x00000200   Zero   RW         5549    .bss                os_cfg_app.o
    0x2000fc80        -       0x00000200   Zero   RW         5550    .bss                os_cfg_app.o
    0x2000fe80        -       0x000000c0   Zero   RW         6650    .bss                os_var.o
    0x2000ff40        -       0x000000c0   Zero   RW         6651    .bss                os_var.o
    0x20010000        -       0x0000000c   Zero   RW         6652    .bss                os_var.o
    0x2001000c        -       0x00000300   Zero   RW         6653    .bss                os_var.o
    0x2001030c        -       0x000000c0   Zero   RW         6654    .bss                os_var.o
    0x200103cc        -       0x000000c0   Zero   RW         6655    .bss                os_var.o
    0x2001048c        -       0x00000030   Zero   RW         6656    .bss                os_var.o
    0x200104bc        -       0x000000c0   Zero   RW         6657    .bss                os_var.o
    0x2001057c        -       0x000000cc   Zero   RW         7354    .bss                GUI_CM4F_L.lib(gui_alloc.o)
    0x20010648        -       0x00000070   Zero   RW         7409    .bss                GUI_CM4F_L.lib(gui_core.o)
    0x200106b8        -       0x00000028   Zero   RW         7458    .bss                GUI_CM4F_L.lib(gui_curs1.o)
    0x200106e0        -       0x00000010   Zero   RW         7641    .bss                GUI_CM4F_L.lib(gui_touch_driveranalog.o)
    0x200106f0        -       0x00000018   Zero   RW         8204    .bss                GUI_CM4F_L.lib(gui_fillpolygon.o)
    0x20010708        -       0x00000018   Zero   RW         8635    .bss                GUI_CM4F_L.lib(wm.o)
    0x20010720        -       0x00000058   Zero   RW         8875    .bss                GUI_CM4F_L.lib(gui_onkey.o)
    0x20010778        -       0x0000000c   Zero   RW         8939    .bss                GUI_CM4F_L.lib(gui_touch_storestate.o)
    0x20010784        -       0x00000048   Zero   RW         9195    .bss                GUI_CM4F_L.lib(wm_touch.o)
    0x200107cc        -       0x00000048   Zero   RW         9255    .bss                GUI_CM4F_L.lib(gui_pid.o)
    0x20010814        -       0x0000000c   Zero   RW         9399    .bss                GUI_CM4F_L.lib(gui_touch.o)
    0x20010820        -       0x00000018   Zero   RW         9715    .bss                GUI_CM4F_L.lib(wm_pid__getprevstate.o)
    0x20010838        -       0x00000060   Zero   RW        10001    .bss                c_w.l(libspace.o)
    0x20010898        -       0x00000200   Zero   RW          628    HEAP                startup_stm32f429xx.o
    0x20010a98        -       0x00000a00   Zero   RW          627    STACK               startup_stm32f429xx.o



  Load Region LR$$.ARM.__AT_0x10000000 (Base: 0x10000000, Size: 0x00000000, Max: 0x00005000, ABSOLUTE)

    Execution Region ER$$.ARM.__AT_0x10000000 (Exec base: 0x10000000, Load base: 0x10000000, Size: 0x00005000, Max: 0x00005000, ABSOLUTE, UNINIT)

    Exec Addr    Load Addr    Size         Type   Attr      Idx    E Section Name        Object

    0x10000000        -       0x00005000   Zero   RW         4734    .ARM.__AT_0x10000000  malloc.o



  Load Region LR$$.ARM.__AT_0x10005000 (Base: 0x10005000, Size: 0x00000000, Max: 0x00000500, ABSOLUTE)

    Execution Region ER$$.ARM.__AT_0x10005000 (Exec base: 0x10005000, Load base: 0x10005000, Size: 0x00000500, Max: 0x00000500, ABSOLUTE, UNINIT)

    Exec Addr    Load Addr    Size         Type   Attr      Idx    E Section Name        Object

    0x10005000        -       0x00000500   Zero   RW         4735    .ARM.__AT_0x10005000  malloc.o



  Load Region LR$$.ARM.__AT_0xC0000000 (Base: 0xc0000000, Size: 0x00000000, Max: 0x001f4000, ABSOLUTE)

    Execution Region ER$$.ARM.__AT_0xC0000000 (Exec base: 0xc0000000, Load base: 0xc0000000, Size: 0x001f4000, Max: 0x001f4000, ABSOLUTE, UNINIT)

    Exec Addr    Load Addr    Size         Type   Attr      Idx    E Section Name        Object

    0xc0000000        -       0x001f4000   Zero   RW         4048    .ARM.__AT_0xC0000000  ltdc.o



  Load Region LR$$.ARM.__AT_0xC0600000 (Base: 0xc0600000, Size: 0x00000000, Max: 0x01400000, ABSOLUTE)

    Execution Region ER$$.ARM.__AT_0xC0600000 (Exec base: 0xc0600000, Load base: 0xc0600000, Size: 0x01400000, Max: 0x01400000, ABSOLUTE, UNINIT)

    Exec Addr    Load Addr    Size         Type   Attr      Idx    E Section Name        Object

    0xc0600000        -       0x01400000   Zero   RW         4736    .ARM.__AT_0xC0600000  malloc.o



  Load Region LR$$.ARM.__AT_0xC1A00000 (Base: 0xc1a00000, Size: 0x00000000, Max: 0x00140000, ABSOLUTE)

    Execution Region ER$$.ARM.__AT_0xC1A00000 (Exec base: 0xc1a00000, Load base: 0xc1a00000, Size: 0x00140000, Max: 0x00140000, ABSOLUTE, UNINIT)

    Exec Addr    Load Addr    Size         Type   Attr      Idx    E Section Name        Object

    0xc1a00000        -       0x00140000   Zero   RW         4737    .ARM.__AT_0xC1A00000  malloc.o


==============================================================================

Image component sizes


      Code (inc. data)   RO Data    RW Data    ZI Data      Debug   Object Name

       198          0          0          0          0       3887   24cxx.o
        60         16          0          0          0      11698   bsp.o
        52          0          0          0          0        380   cpu_a.o
       344         48          0         28         16       9707   cpu_core.o
       716        116          0          0          0       6217   ctiic.o
       260         36          0          8          0       4353   delay.o
      1078         68         20          7          0       5021   ft5206.o
      1122         96        194          1          0       5574   gt9147.o
      1002         78        206          1          0       5442   gt9271.o
       188         16          0          0          0       2702   gui_x_touch_analog.o
       204         66          0         20          0       5759   gui_x_ucosiii.o
        40          4          0          0          0        699   guiconf.o
      1924        100         52          8          0      72687   guidrv_template.o
       128         18          0          0          0       1139   key.o
       290         12          0          0          0       1665   lcdconf_flexcolor_template.o
        76          8          0          0          0       1023   led.o
        70          0          0          0          0      13506   lib_mem.o
      1474        126          0          8    2048200      11194   ltdc.o
       684        114          0          0       4352     528370   main.o
       284         30         36         36   22358400       5843   malloc.o
       616         76          0          0          0       5706   myiic.o
         2          0         99          0       4656      20649   os_cfg_app.o
      2108        330          0          0          0      21550   os_core.o
       280         14          0          0          0        472   os_cpu_a.o
       664        160          0          4          0      27652   os_cpu_c.o
         2          0          0          0          0       1066   os_dbg.o
       430         28          0          0          0       3556   os_flag.o
       864        196          0          0          0       4270   os_int.o
        24         10          0          0          0       1029   os_mem.o
       286         20          0          0          0       3781   os_msg.o
      1160         64          0          0          0       8115   os_mutex.o
       124         18          0          8          0       3434   os_prio.o
       272         20          0          0          0       2512   os_q.o
       800         56          0          0          0       6367   os_sem.o
      1244        214          0          0          0       4695   os_stat.o
      3060        242          0          0          0      16808   os_task.o
      1146        118          0          0          0       7103   os_tick.o
       536         40          0          0          0       4021   os_time.o
       532        144          0          0          0       4293   os_tmr.o
         0          0          0        181       1788      19130   os_var.o
       752         64         10          1          0       5147   ott2001a.o
       428         38          0          0         52       3238   sdram.o
       104         34        428          0       3072        892   startup_stm32f429xx.o
       122         16          0          4          0       4696   stm32f4xx_hal.o
       218         14          0          0          0      31449   stm32f4xx_hal_cortex.o
       496         54          0          0          0       3631   stm32f4xx_hal_gpio.o
       856          4          0          0          0       5229   stm32f4xx_hal_ltdc.o
       136         14          0          0          0       1460   stm32f4xx_hal_pwr_ex.o
      1572         72         16          0          0       6999   stm32f4xx_hal_rcc.o
       680         36          0          0          0       1832   stm32f4xx_hal_rcc_ex.o
       146          0          0          0          0       3044   stm32f4xx_hal_sdram.o
        86          0          0          0          0       1376   stm32f4xx_hal_sram.o
       366          0          0          0          0       4990   stm32f4xx_hal_tim.o
         4          0          0          0          0       1902   stm32f4xx_hal_tim_ex.o
      1332          8          0          0          0       9546   stm32f4xx_hal_uart.o
        14          0          0          0          0       3663   stm32f4xx_it.o
       560         20          0          0          0       6616   stm32f4xx_ll_fmc.o
       132         10          0          0          0       1299   sys.o
        84         18          0         20          0       1277   system_stm32f4xx.o
       428        148          8          0          0        909   textdisplay.o
     13544        204      18240          8         94      27522   tftlcd.o
        26         12          0          0        120       2448   timer.o
      3096        240        125         76          0      12399   touch.o
       310         36          0          6        264       5403   usart.o

    ----------------------------------------------------------------------
     49894       3744      19484        456   24421032    1010042   Object Totals
         0          0         32          0          0          0   (incl. Generated)
        58          0         18         31         18          0   (incl. Padding)

    ----------------------------------------------------------------------

      Code (inc. data)   RO Data    RW Data    ZI Data      Debug   Library Member Name

         0          0       4792          0          0          0   f24_ascii.o
         0          0       1816          0          0          0   f6x8.o
         0          0       3120          0          0          0   f8x16.o
       862         38          0         40          0        800   gui__alpha.o
       664          0          0          0          0        384   gui__compactpixelindices.o
         0          0        256          0          0          0   gui__divtbl_255_31.o
         0          0        256          0          0          0   gui__divtbl_255_63.o
         0          0         32          0          0          0   gui__divtbl_31_255.o
         0          0         64          0          0          0   gui__divtbl_63_255.o
       322          0          0          0          0        156   gui__expandpixelindices.o
        58          0          0          0          0        116   gui__intersectrect.o
        82          0          0          0          0        128   gui__intersectrects.o
       216          8          0         20          0        252   gui__managecache.o
        76          0          0          0          0        124   gui__memset.o
        60          0          0          0          0        124   gui__memset16.o
       304          4          0          8          0        796   gui__wrap.o
      1874        118          0          8        204       3108   gui_alloc.o
        46          0          0          0          0        128   gui_alloc_alloczero.o
        60          0          0          0          0        124   gui_calccolordist.o
       164         20          0          0          0        500   gui_char.o
       458         36          0          4          0        760   gui_charline.o
       394         12          0          0          0        492   gui_charm.o
       316         10          0          0          0        624   gui_charp.o
       188          4          0          0          0        140   gui_circ.o
       428         60          8         79        112       1004   gui_core.o
       484         44          0         12         40        780   gui_curs1.o
         0          0         32          0          0          0   gui_cursorarrowm.o
         0          0         60          0          0          0   gui_cursorarrowmpx.o
         0          0         24          0          0          0   gui_cursorpal.o
       434         34          8          0          0       1108   gui_device.o
       264          4          0          0          0        136   gui_dispstring.o
        40          6          0          0          0        136   gui_dispstringat.o
        52          4          0          0          0        140   gui_dispstringhcenter.o
       332          0          0          0          0        280   gui_dispstringinrectwrap.o
       244         14          0          0          0        280   gui_drawbitmap.o
      1192         34         68          0          0       1312   gui_drawline.o
        32          4          0          0          0        116   gui_drawpoint.o
        68          8          0          0          0        248   gui_exec.o
       532         22          0          4         24        272   gui_fillpolygon.o
        88          4          0          0          0        132   gui_fillrect.o
        20          0          0          0          0        116   gui_fillrectex.o
       160          0          0          0          0        248   gui_getbitmappixelindex.o
        48          0          0          0          0        248   gui_getcolor.o
        54         10          0          0          0        252   gui_getorg.o
        66         12          0          0          0        360   gui_goto.o
        88          0          0          0          0        124   gui_mergerect.o
        30          0          0          0          0        116   gui_moverect.o
       252         32          8         36          0        492   gui_multibuf.o
       102         12          0         16         88        476   gui_onkey.o
        28          4          0          0          0        128   gui_pen.o
       264         38          0         12         72        744   gui_pid.o
        56          0          0          0          0        116   gui_rectsintersect.o
        32         10          0          0          0        232   gui_savecontext.o
       206         14          0          8          0        764   gui_selectlayer.o
        26          0          0          0          0        128   gui_selectlcd.o
        36          4          0          0          0        124   gui_setalpha.o
        44          0          0          0          0        256   gui_setcolor.o
        64          6          0          0          0        128   gui_setdefault.o
        24          0          0          0          0        124   gui_setdrawmode.o
        32          6          0          0          0        128   gui_setfont.o
        28          4          0          0          0        128   gui_setlinestyle.o
        64         16          0          0          0        136   gui_setorg.o
        32          6          0          0          0        128   gui_settextalign.o
        32          6          0          0          0        128   gui_settextmode.o
      6618         94         52          0          0       4436   gui_sprite.o
       364         42          0         28          0        768   gui_task.o
       104          6          0          0          0        132   gui_time.o
       354         16          0         20          0        772   gui_timer.o
        44          6          0          0         12        132   gui_touch.o
       632         46          0         48         16        760   gui_touch_driveranalog.o
        36          6          0          0         12        116   gui_touch_storestate.o
        44          4          0          8          0        136   gui_touch_storeunstable.o
        84         10          0          0          0        264   gui_uc.o
        18          0         16          0          0        464   gui_uc_encodenone.o
        16          4          0         12          0        116   gui_waitevent.o
       198          0         24          0          0        388   guicc_0.o
        36          0         24          0          0        480   guicc_8888.o
         2          0          0          0          0        116   guicc_8888_index2color.o
         2          0          0          0          0        116   guicc_888_index2color.o
       258         46         24          8          0        652   guicc_m565.o
       806         40          0          0          0       1064   guidev.o
      2282         60        116          0          0       2104   guidev_16.o
      2368         62        116          0          0       2256   guidev_32.o
       340         12          0          4          0        264   guidev_banding.o
        68          4          0          0          0        124   guidev_clear.o
        40          0          0          0          0        128   guidev_getdataptr.o
        52          6          0          0          0        128   guidev_getysize.o
        56          4          0          0          0        128   guidev_reduceysize.o
       100          4          0          0          0        128   guidev_setorg.o
       358         20          0          1          0        284   guidev_staticdevices.o
        84          0          0          0          0        260   guidev_usage.o
       424          4         24          0          0        748   guidev_usagebm.o
       116          4          0          0          0        244   guidev_write.o
       400         14          0          0          0        144   guidev_writetoactivealpha.o
      1854         18          8          0          0        732   guidev_writetoactiveopaque.o
      1730        118         12          4          0       2300   lcd.o
        16          6          0          4          0        116   lcd_aa.o
       272         30          0         16          0        632   lcd_color.o
        32         12          0          0          0        232   lcd_getcolorindex.o
       384         32          0          0          0       2252   lcd_getex.o
        26          0          0          0          0        128   lcd_getnumdisplays.o
         0          0        256          0          0          0   lcd_mirror.o
       504         18          0          0          0        280   lcd_readrect.o
        64          8          0          0          0        128   lcd_selectlcd.o
       260          0          0          0          0        788   lcd_set.o
        48         10          0          0          0        128   lcd_setcliprectex.o
        36          4          0          0          0        128   lcd_updatecolorindices.o
      4658        222          0        101         24       6452   wm.o
        18          0          0          0          0        124   wm__getfirstsibling.o
        36          0          0          0          0        128   wm__getprevsibling.o
        34          0          0          0          0        128   wm__isancestor.o
        22          0          0          0          0        124   wm__isenabled.o
        60          6          0          4          0        136   wm__sendmessage.o
        28          0          0          0          0        140   wm__sendmessageifenabled.o
        38          0          0          0          0        128   wm__sendmessagenopara.o
       220          0          0          0          0        144   wm__updatechildpositions.o
       136          0          0          0          0        140   wm_bringtobottom.o
        60         12          0          0          0        232   wm_criticalhandle.o
        32          0          0          0          0        128   wm_getclientrect.o
        24         10          0          0          0        116   wm_getdesktopwindow.o
        20          4          0          0          0        116   wm_getdesktopwindowex.o
        26          0          0          0          0        124   wm_getfirstchild.o
        32          0          0          0          0        128   wm_getorg.o
        26          0          0          0          0        124   wm_getparent.o
        24          0          0          0          0        124   wm_iswindow.o
       294          0          0          0          0        416   wm_move.o
        28         10          0          0          0        116   wm_multibuf.o
        16          0          0          0          0        124   wm_notifyparent.o
        64          8          0          0          0        136   wm_onkey.o
        24          6          0          0         24        116   wm_pid__getprevstate.o
       244          0          0          0          0        136   wm_resizewindow.o
       204          6          0          0          0        516   wm_screen2win.o
        26          0          0          0          0        136   wm_sendmessagenopara.o
        38          0          0          0          0        140   wm_sendtoparent.o
        62          8          0          0          0        256   wm_setcapture.o
        72          0          0          0          0        132   wm_setsize.o
        32          4          0          0          0        128   wm_setusercliprect.o
       124          0          0          0          0        260   wm_timer.o
      1108         46          0         12         72        536   wm_touch.o
        90          0          0          0          0          0   __dczerorl2.o
         8          0          0          0          0         68   __main.o
       104          0          0          0          0         84   __printf.o
         0          0          0          0          0          0   __rtentry.o
        12          0          0          0          0          0   __rtentry2.o
         6          0          0          0          0          0   __rtentry4.o
        52          8          0          0          0          0   __scatter.o
        28          0          0          0          0          0   __scatter_zi.o
        44          0          0          0          0        108   _printf_char.o
        48          6          0          0          0         96   _printf_char_common.o
        36          4          0          0          0         80   _printf_char_file.o
         6          0          0          0          0          0   _printf_d.o
       120         16          0          0          0         92   _printf_dec.o
        88          4         40          0          0         88   _printf_hex_int.o
       178          0          0          0          0         88   _printf_intcommon.o
         0          0          0          0          0          0   _printf_percent.o
         4          0          0          0          0          0   _printf_percent_end.o
         6          0          0          0          0          0   _printf_s.o
        82          0          0          0          0         80   _printf_str.o
         6          0          0          0          0          0   _printf_x.o
        22          0          0          0          0        100   _rserrno.o
        16          0          0          0          0         68   aeabi_memset.o
        18          0          0          0          0         80   exit.o
         8          0          0          0          0         68   ferror.o
         6          0          0          0          0        152   heapauxi.o
         2          0          0          0          0          0   libinit.o
         6          0          0          0          0          0   libinit2.o
         2          0          0          0          0          0   libshutdown.o
         2          0          0          0          0          0   libshutdown2.o
         8          4          0          0         96         68   libspace.o
        88          0          0          0          0         76   memcmp.o
        24          4          0          0          0         84   noretval__2printf.o
         8          4          0          0          0         68   rt_errno_addr_intlibspace.o
        68          0          0          0          0         68   rt_memclr.o
        78          0          0          0          0         80   rt_memclr_w.o
       138          0          0          0          0         68   rt_memcpy_v6.o
       100          0          0          0          0         80   rt_memcpy_w.o
       132          0          0          0          0         68   rt_memmove_v6.o
       122          0          0          0          0         80   rt_memmove_w.o
         2          0          0          0          0          0   rtexit.o
        10          0          0          0          0          0   rtexit2.o
       128          0          0          0          0         68   strcmpv7m.o
        74          0          0          0          0         80   sys_stackheap_outer.o
         2          0          0          0          0         68   use_no_semi.o
         2          0          0          0          0         68   use_no_semi_2.o
       826         16          0          0          0        492   daddsub_clz.o
        24          0          0          0          0        116   dcmpi.o
        90          4          0          0          0        140   dfixu.o
        38          0          0          0          0        116   dflt_clz.o
       120          4          0          0          0        140   dleqf.o
       340         12          0          0          0        152   dmul.o
       156          4          0          0          0        140   dnaninf.o
        12          0          0          0          0        116   dretinf.o
       108          0          0          0          0        128   drleqf.o
       408         56          0          0          0        168   dsqrt_umaal.o
        86          4          0          0          0        132   f2d.o
       140          4          0          0          0        132   fnaninf.o
        10          0          0          0          0        116   fpinit.o
         0          0          0          0          0          0   usenofp.o
       122          0          0          0          0        148   sqrt.o

    ----------------------------------------------------------------------
     46038       1934      11256        524        796      62616   Library Totals
        92          0          0          7          0          0   (incl. Padding)

    ----------------------------------------------------------------------

      Code (inc. data)   RO Data    RW Data    ZI Data      Debug   Library Name

     41482       1780      11216        517        700      58104   GUI_CM4F_L.lib
      1984         50         40          0         96       2276   c_w.l
      2358        104          0          0          0       2088   fz_wm.l
       122          0          0          0          0        148   m_wm.l

    ----------------------------------------------------------------------
     46038       1934      11256        524        796      62616   Library Totals

    ----------------------------------------------------------------------

==============================================================================


      Code (inc. data)   RO Data    RW Data    ZI Data      Debug   

     95932       5678      30740        980   24421828     991910   Grand Totals
     95932       5678      30740        164   24421828     991910   ELF Image Totals (compressed)
     95932       5678      30740        164          0          0   ROM Totals

==============================================================================

    Total RO  Size (Code + RO Data)               126672 ( 123.70kB)
    Total RW  Size (RW Data + ZI Data)          24422808 (23850.40kB)
    Total ROM Size (Code + RO Data + RW Data)     126836 ( 123.86kB)

==============================================================================

