<html>
<body>
<pre>
<h1>礦ision Build Log</h1>
<h2>Tool Versions:</h2>
IDE-Version: μVision V5.34.0.0
Copyright (C) 2021 ARM Ltd and ARM Germany GmbH. All rights reserved.
License Information: 123 123, 123, LIC=GMZI6-DEPTA-74RS0-BP0DW-B3KTT-Z2M3I
 
Tool Versions:
Toolchain:       MDK-ARM Plus  Version: 5.34.0.0
Toolchain Path:  E:\Keil_v5\ARM\ARMCC\Bin
C Compiler:      Armcc.exe V5.06 update 7 (build 960)
Assembler:       Armasm.exe V5.06 update 7 (build 960)
Linker/Locator:  ArmLink.exe V5.06 update 7 (build 960)
Library Manager: ArmAr.exe V5.06 update 7 (build 960)
Hex Converter:   FromElf.exe V5.06 update 7 (build 960)
CPU DLL:         SARMCM3.DLL V5.34.0.0
Dialog DLL:      DCM.DLL V1.17.3.0
Target DLL:      STLink\ST-LINKIII-KEIL_SWO.dll V3.0.8.0
Dialog DLL:      TCM.DLL V1.48.0.0
 
<h2>Project:</h2>
E:\uboot\正点原子开发板（资料维护-网盘）\2022310旧代码\F429\3，扩展例程\4，UCOS扩展例程\例6-2 UCOSIII任务挂起和恢复\USER\UCOSIII.uvprojx
Project File Date:  03/10/2022

<h2>Output:</h2>
*** Using Compiler 'V5.06 update 7 (build 960)', folder: 'E:\Keil_v5\ARM\ARMCC\Bin'
Build target 'UCOSIII'
assembling startup_stm32f429xx.s...
compiling system_stm32f4xx.c...
compiling stm32f4xx_it.c...
compiling main.c...
compiling stm32f4xx_hal.c...
compiling stm32f4xx_hal_pwr.c...
compiling stm32f4xx_hal_pwr_ex.c...
compiling stm32f4xx_hal_gpio.c...
compiling stm32f4xx_hal_cortex.c...
compiling stm32f4xx_hal_rcc.c...
compiling stm32f4xx_hal_uart.c...
compiling stm32f4xx_hal_rcc_ex.c...
compiling stm32f4xx_hal_usart.c...
compiling stm32f4xx_hal_sdram.c...
compiling stm32f4xx_hal_dma.c...
compiling stm32f4xx_hal_dma_ex.c...
compiling stm32f4xx_hal_dma2d.c...
compiling stm32f4xx_hal_ltdc.c...
compiling stm32f4xx_hal_sram.c...
compiling stm32f4xx_ll_fmc.c...
compiling stm32f4xx_hal_ltdc_ex.c...
compiling delay.c...
compiling sys.c...
compiling led.c...
compiling usart.c...
compiling key.c...
compiling lcd.c...
compiling ltdc.c...
compiling sdram.c...
compiling cpu_c.c...
compiling cpu_core.c...
assembling cpu_a.asm...
compiling bsp.c...
compiling lib_ascii.c...
compiling lib_str.c...
compiling lib_mem.c...
compiling lib_math.c...
assembling lib_mem_a.asm...
compiling os_cfg_app.c...
compiling os_dbg.c...
compiling os_flag.c...
compiling os_core.c...
compiling os_mutex.c...
compiling os_msg.c...
compiling os_mem.c...
compiling os_int.c...
compiling os_pend_multi.c...
compiling os_sem.c...
compiling os_q.c...
compiling os_prio.c...
compiling os_task.c...
compiling os_tick.c...
compiling os_time.c...
compiling os_stat.c...
compiling os_var.c...
assembling os_cpu_a.asm...
compiling os_tmr.c...
compiling os_cpu_c.c...
compiling os_app_hooks.c...
linking...
Program Size: Code=33982 RO-data=18850 RW-data=336 ZI-data=2057904  
FromELF: creating hex file...
"..\OBJ\Tempate.axf" - 0 Error(s), 0 Warning(s).

<h2>Software Packages used:</h2>

Package Vendor: Keil
                http://www.keil.com/pack/Keil.STM32F4xx_DFP.2.14.0.pack
                Keil.STM32F4xx_DFP.2.14.0
                STMicroelectronics STM32F4 Series Device Support, Drivers and Examples

<h2>Collection of Component include folders:</h2>
  E:\Users\ATK\AppData\Local\Arm\Packs\Keil\STM32F4xx_DFP\2.14.0\Drivers\CMSIS\Device\ST\STM32F4xx\Include

<h2>Collection of Component Files used:</h2>
Build Time Elapsed:  00:00:27
</pre>
</body>
</html>
