16:06:45 **** Incremental Build of configuration Output for project 16_3_LowPower_Stop ****
make -j16 all 
arm-none-eabi-gcc "../Drivers/BSP/PWR/pwr.c" -mcpu=cortex-m3 -std=gnu11 -g3 -DDEBUG -DUSE_HAL_DRIVER -DSTM32F103xE -DFOR_TEST -c -I../Core/Inc -I../Drivers/STM32F1xx_HAL_Driver/Inc/Legacy -I../Drivers/STM32F1xx_HAL_Driver/Inc -I../Drivers/CMSIS/Device/ST/STM32F1xx/Include -I../Drivers/CMSIS/Include -O0 -ffunction-sections -fdata-sections -Wall -fstack-usage -fcyclomatic-complexity -MMD -MP -MF"Drivers/BSP/PWR/pwr.d" -MT"Drivers/BSP/PWR/pwr.o" --specs=nano.specs -mfloat-abi=soft -mthumb -o "Drivers/BSP/PWR/pwr.o"
arm-none-eabi-gcc "../Core/Src/main.c" -mcpu=cortex-m3 -std=gnu11 -g3 -DDEBUG -DUSE_HAL_DRIVER -DSTM32F103xE -DFOR_TEST -c -I../Core/Inc -I../Drivers/STM32F1xx_HAL_Driver/Inc/Legacy -I../Drivers/STM32F1xx_HAL_Driver/Inc -I../Drivers/CMSIS/Device/ST/STM32F1xx/Include -I../Drivers/CMSIS/Include -O0 -ffunction-sections -fdata-sections -Wall -fstack-usage -fcyclomatic-complexity -MMD -MP -MF"Core/Src/main.d" -MT"Core/Src/main.o" --specs=nano.specs -mfloat-abi=soft -mthumb -o "Core/Src/main.o"
arm-none-eabi-gcc -o "16_3_LowPower_Stop.elf" @"objects.list"   -mcpu=cortex-m3 -T"H:\cubeide\STM32CubeIDE_DEMO\16_3_LowPower_Stop\STM32F103ZETX_FLASH.ld" --specs=nosys.specs -Wl,-Map="16_3_LowPower_Stop.map" -Wl,--gc-sections -static --specs=nano.specs -mfloat-abi=soft -mthumb -Wl,--start-group -lc -lm -Wl,--end-group
Finished building target: 16_3_LowPower_Stop.elf
 
arm-none-eabi-size   16_3_LowPower_Stop.elf 
arm-none-eabi-objdump -h -S  16_3_LowPower_Stop.elf  > "16_3_LowPower_Stop.list"
   text	   data	    bss	    dec	    hex	filename
  43604	    120	   2280	  46004	   b3b4	16_3_LowPower_Stop.elf
arm-none-eabi-objcopy  -O ihex  16_3_LowPower_Stop.elf  "16_3_LowPower_Stop.hex"
Finished building: default.size.stdout
arm-none-eabi-objcopy  -O binary  16_3_LowPower_Stop.elf  "16_3_LowPower_Stop.bin"
 
Finished building: 16_3_LowPower_Stop.hex
Finished building: 16_3_LowPower_Stop.list
 
Finished building: 16_3_LowPower_Stop.bin
 
 

16:06:47 Build Finished. 0 errors, 0 warnings. (took 2s.381ms)

