10:29:48 **** Incremental Build of configuration Output for project 35_FATFS ****
make -j16 all 
arm-none-eabi-gcc "../Core/Src/main.c" -mcpu=cortex-m3 -std=gnu11 -g3 -DDEBUG -DUSE_HAL_DRIVER -DSTM32F103xE -DFOR_TEST -c -I../Core/Inc -I../Drivers/STM32F1xx_HAL_Driver/Inc/Legacy -I../Drivers/STM32F1xx_HAL_Driver/Inc -I../Drivers/CMSIS/Device/ST/STM32F1xx/Include -I../Drivers/CMSIS/Include -I../FATFS/Target -I../FATFS/App -I../Middlewares/Third_Party/FatFs/src -O0 -ffunction-sections -fdata-sections -Wall -fstack-usage -fcyclomatic-complexity -MMD -MP -MF"Core/Src/main.d" -MT"Core/Src/main.o" --specs=nano.specs -mfloat-abi=soft -mthumb -o "Core/Src/main.o"
arm-none-eabi-gcc -o "35_FATFS.elf" @"objects.list"   -mcpu=cortex-m3 -T"H:\cubeide\STM32CubeIDE_DEMO\35_FATFS\STM32F103ZETX_FLASH.ld" --specs=nosys.specs -Wl,-Map="35_FATFS.map" -Wl,--gc-sections -static --specs=nano.specs -mfloat-abi=soft -mthumb -u _printf_float -u _scanf_float -Wl,--start-group -lc -lm -Wl,--end-group
Finished building target: 35_FATFS.elf
 
arm-none-eabi-size   35_FATFS.elf 
arm-none-eabi-objdump -h -S  35_FATFS.elf  > "35_FATFS.list"
   text	   data	    bss	    dec	    hex	filename
 284016	   1084	  54472	 339572	  52e74	35_FATFS.elf
arm-none-eabi-objcopy  -O ihex  35_FATFS.elf  "35_FATFS.hex"
Finished building: default.size.stdout
arm-none-eabi-objcopy  -O binary  35_FATFS.elf  "35_FATFS.bin"
 
Finished building: 35_FATFS.hex
 
Finished building: 35_FATFS.list
 
Finished building: 35_FATFS.bin
 

10:30:00 Build Finished. 0 errors, 0 warnings. (took 12s.596ms)

