18:25:08 **** Build of configuration Output for project 12_OLED ****
make -j16 all 
arm-none-eabi-gcc "../Drivers/SYSTEM/sys/sys.c" -mcpu=cortex-m3 -std=gnu11 -g3 -DDEBUG -DUSE_HAL_DRIVER -DSTM32F103xE -DFOR_TEST -c -I../Core/Inc -I../Drivers/STM32F1xx_HAL_Driver/Inc/Legacy -I../Drivers/STM32F1xx_HAL_Driver/Inc -I../Drivers/CMSIS/Device/ST/STM32F1xx/Include -I../Drivers/CMSIS/Include -O0 -ffunction-sections -fdata-sections -Wall -fstack-usage -fcyclomatic-complexity -MMD -MP -MF"Drivers/SYSTEM/sys/sys.d" -MT"Drivers/SYSTEM/sys/sys.o" --specs=nano.specs -mfloat-abi=soft -mthumb -o "Drivers/SYSTEM/sys/sys.o"
arm-none-eabi-gcc "../Drivers/SYSTEM/delay/delay.c" -mcpu=cortex-m3 -std=gnu11 -g3 -DDEBUG -DUSE_HAL_DRIVER -DSTM32F103xE -DFOR_TEST -c -I../Core/Inc -I../Drivers/STM32F1xx_HAL_Driver/Inc/Legacy -I../Drivers/STM32F1xx_HAL_Driver/Inc -I../Drivers/CMSIS/Device/ST/STM32F1xx/Include -I../Drivers/CMSIS/Include -O0 -ffunction-sections -fdata-sections -Wall -fstack-usage -fcyclomatic-complexity -MMD -MP -MF"Drivers/SYSTEM/delay/delay.d" -MT"Drivers/SYSTEM/delay/delay.o" --specs=nano.specs -mfloat-abi=soft -mthumb -o "Drivers/SYSTEM/delay/delay.o"
arm-none-eabi-gcc "../Drivers/STM32F1xx_HAL_Driver/Src/stm32f1xx_hal.c" -mcpu=cortex-m3 -std=gnu11 -g3 -DDEBUG -DUSE_HAL_DRIVER -DSTM32F103xE -DFOR_TEST -c -I../Core/Inc -I../Drivers/STM32F1xx_HAL_Driver/Inc/Legacy -I../Drivers/STM32F1xx_HAL_Driver/Inc -I../Drivers/CMSIS/Device/ST/STM32F1xx/Include -I../Drivers/CMSIS/Include -O0 -ffunction-sections -fdata-sections -Wall -fstack-usage -fcyclomatic-complexity -MMD -MP -MF"Drivers/STM32F1xx_HAL_Driver/Src/stm32f1xx_hal.d" -MT"Drivers/STM32F1xx_HAL_Driver/Src/stm32f1xx_hal.o" --specs=nano.specs -mfloat-abi=soft -mthumb -o "Drivers/STM32F1xx_HAL_Driver/Src/stm32f1xx_hal.o"
arm-none-eabi-gcc "../Drivers/STM32F1xx_HAL_Driver/Src/stm32f1xx_hal_cortex.c" -mcpu=cortex-m3 -std=gnu11 -g3 -DDEBUG -DUSE_HAL_DRIVER -DSTM32F103xE -DFOR_TEST -c -I../Core/Inc -I../Drivers/STM32F1xx_HAL_Driver/Inc/Legacy -I../Drivers/STM32F1xx_HAL_Driver/Inc -I../Drivers/CMSIS/Device/ST/STM32F1xx/Include -I../Drivers/CMSIS/Include -O0 -ffunction-sections -fdata-sections -Wall -fstack-usage -fcyclomatic-complexity -MMD -MP -MF"Drivers/STM32F1xx_HAL_Driver/Src/stm32f1xx_hal_cortex.d" -MT"Drivers/STM32F1xx_HAL_Driver/Src/stm32f1xx_hal_cortex.o" --specs=nano.specs -mfloat-abi=soft -mthumb -o "Drivers/STM32F1xx_HAL_Driver/Src/stm32f1xx_hal_cortex.o"
arm-none-eabi-gcc "../Drivers/STM32F1xx_HAL_Driver/Src/stm32f1xx_hal_dma.c" -mcpu=cortex-m3 -std=gnu11 -g3 -DDEBUG -DUSE_HAL_DRIVER -DSTM32F103xE -DFOR_TEST -c -I../Core/Inc -I../Drivers/STM32F1xx_HAL_Driver/Inc/Legacy -I../Drivers/STM32F1xx_HAL_Driver/Inc -I../Drivers/CMSIS/Device/ST/STM32F1xx/Include -I../Drivers/CMSIS/Include -O0 -ffunction-sections -fdata-sections -Wall -fstack-usage -fcyclomatic-complexity -MMD -MP -MF"Drivers/STM32F1xx_HAL_Driver/Src/stm32f1xx_hal_dma.d" -MT"Drivers/STM32F1xx_HAL_Driver/Src/stm32f1xx_hal_dma.o" --specs=nano.specs -mfloat-abi=soft -mthumb -o "Drivers/STM32F1xx_HAL_Driver/Src/stm32f1xx_hal_dma.o"
arm-none-eabi-gcc "../Drivers/STM32F1xx_HAL_Driver/Src/stm32f1xx_hal_exti.c" -mcpu=cortex-m3 -std=gnu11 -g3 -DDEBUG -DUSE_HAL_DRIVER -DSTM32F103xE -DFOR_TEST -c -I../Core/Inc -I../Drivers/STM32F1xx_HAL_Driver/Inc/Legacy -I../Drivers/STM32F1xx_HAL_Driver/Inc -I../Drivers/CMSIS/Device/ST/STM32F1xx/Include -I../Drivers/CMSIS/Include -O0 -ffunction-sections -fdata-sections -Wall -fstack-usage -fcyclomatic-complexity -MMD -MP -MF"Drivers/STM32F1xx_HAL_Driver/Src/stm32f1xx_hal_exti.d" -MT"Drivers/STM32F1xx_HAL_Driver/Src/stm32f1xx_hal_exti.o" --specs=nano.specs -mfloat-abi=soft -mthumb -o "Drivers/STM32F1xx_HAL_Driver/Src/stm32f1xx_hal_exti.o"
arm-none-eabi-gcc "../Drivers/STM32F1xx_HAL_Driver/Src/stm32f1xx_hal_flash.c" -mcpu=cortex-m3 -std=gnu11 -g3 -DDEBUG -DUSE_HAL_DRIVER -DSTM32F103xE -DFOR_TEST -c -I../Core/Inc -I../Drivers/STM32F1xx_HAL_Driver/Inc/Legacy -I../Drivers/STM32F1xx_HAL_Driver/Inc -I../Drivers/CMSIS/Device/ST/STM32F1xx/Include -I../Drivers/CMSIS/Include -O0 -ffunction-sections -fdata-sections -Wall -fstack-usage -fcyclomatic-complexity -MMD -MP -MF"Drivers/STM32F1xx_HAL_Driver/Src/stm32f1xx_hal_flash.d" -MT"Drivers/STM32F1xx_HAL_Driver/Src/stm32f1xx_hal_flash.o" --specs=nano.specs -mfloat-abi=soft -mthumb -o "Drivers/STM32F1xx_HAL_Driver/Src/stm32f1xx_hal_flash.o"
arm-none-eabi-gcc "../Drivers/STM32F1xx_HAL_Driver/Src/stm32f1xx_hal_flash_ex.c" -mcpu=cortex-m3 -std=gnu11 -g3 -DDEBUG -DUSE_HAL_DRIVER -DSTM32F103xE -DFOR_TEST -c -I../Core/Inc -I../Drivers/STM32F1xx_HAL_Driver/Inc/Legacy -I../Drivers/STM32F1xx_HAL_Driver/Inc -I../Drivers/CMSIS/Device/ST/STM32F1xx/Include -I../Drivers/CMSIS/Include -O0 -ffunction-sections -fdata-sections -Wall -fstack-usage -fcyclomatic-complexity -MMD -MP -MF"Drivers/STM32F1xx_HAL_Driver/Src/stm32f1xx_hal_flash_ex.d" -MT"Drivers/STM32F1xx_HAL_Driver/Src/stm32f1xx_hal_flash_ex.o" --specs=nano.specs -mfloat-abi=soft -mthumb -o "Drivers/STM32F1xx_HAL_Driver/Src/stm32f1xx_hal_flash_ex.o"
arm-none-eabi-gcc "../Drivers/STM32F1xx_HAL_Driver/Src/stm32f1xx_hal_gpio.c" -mcpu=cortex-m3 -std=gnu11 -g3 -DDEBUG -DUSE_HAL_DRIVER -DSTM32F103xE -DFOR_TEST -c -I../Core/Inc -I../Drivers/STM32F1xx_HAL_Driver/Inc/Legacy -I../Drivers/STM32F1xx_HAL_Driver/Inc -I../Drivers/CMSIS/Device/ST/STM32F1xx/Include -I../Drivers/CMSIS/Include -O0 -ffunction-sections -fdata-sections -Wall -fstack-usage -fcyclomatic-complexity -MMD -MP -MF"Drivers/STM32F1xx_HAL_Driver/Src/stm32f1xx_hal_gpio.d" -MT"Drivers/STM32F1xx_HAL_Driver/Src/stm32f1xx_hal_gpio.o" --specs=nano.specs -mfloat-abi=soft -mthumb -o "Drivers/STM32F1xx_HAL_Driver/Src/stm32f1xx_hal_gpio.o"
arm-none-eabi-gcc "../Drivers/STM32F1xx_HAL_Driver/Src/stm32f1xx_hal_gpio_ex.c" -mcpu=cortex-m3 -std=gnu11 -g3 -DDEBUG -DUSE_HAL_DRIVER -DSTM32F103xE -DFOR_TEST -c -I../Core/Inc -I../Drivers/STM32F1xx_HAL_Driver/Inc/Legacy -I../Drivers/STM32F1xx_HAL_Driver/Inc -I../Drivers/CMSIS/Device/ST/STM32F1xx/Include -I../Drivers/CMSIS/Include -O0 -ffunction-sections -fdata-sections -Wall -fstack-usage -fcyclomatic-complexity -MMD -MP -MF"Drivers/STM32F1xx_HAL_Driver/Src/stm32f1xx_hal_gpio_ex.d" -MT"Drivers/STM32F1xx_HAL_Driver/Src/stm32f1xx_hal_gpio_ex.o" --specs=nano.specs -mfloat-abi=soft -mthumb -o "Drivers/STM32F1xx_HAL_Driver/Src/stm32f1xx_hal_gpio_ex.o"
arm-none-eabi-gcc "../Drivers/STM32F1xx_HAL_Driver/Src/stm32f1xx_hal_pwr.c" -mcpu=cortex-m3 -std=gnu11 -g3 -DDEBUG -DUSE_HAL_DRIVER -DSTM32F103xE -DFOR_TEST -c -I../Core/Inc -I../Drivers/STM32F1xx_HAL_Driver/Inc/Legacy -I../Drivers/STM32F1xx_HAL_Driver/Inc -I../Drivers/CMSIS/Device/ST/STM32F1xx/Include -I../Drivers/CMSIS/Include -O0 -ffunction-sections -fdata-sections -Wall -fstack-usage -fcyclomatic-complexity -MMD -MP -MF"Drivers/STM32F1xx_HAL_Driver/Src/stm32f1xx_hal_pwr.d" -MT"Drivers/STM32F1xx_HAL_Driver/Src/stm32f1xx_hal_pwr.o" --specs=nano.specs -mfloat-abi=soft -mthumb -o "Drivers/STM32F1xx_HAL_Driver/Src/stm32f1xx_hal_pwr.o"
arm-none-eabi-gcc "../Drivers/STM32F1xx_HAL_Driver/Src/stm32f1xx_hal_rcc.c" -mcpu=cortex-m3 -std=gnu11 -g3 -DDEBUG -DUSE_HAL_DRIVER -DSTM32F103xE -DFOR_TEST -c -I../Core/Inc -I../Drivers/STM32F1xx_HAL_Driver/Inc/Legacy -I../Drivers/STM32F1xx_HAL_Driver/Inc -I../Drivers/CMSIS/Device/ST/STM32F1xx/Include -I../Drivers/CMSIS/Include -O0 -ffunction-sections -fdata-sections -Wall -fstack-usage -fcyclomatic-complexity -MMD -MP -MF"Drivers/STM32F1xx_HAL_Driver/Src/stm32f1xx_hal_rcc.d" -MT"Drivers/STM32F1xx_HAL_Driver/Src/stm32f1xx_hal_rcc.o" --specs=nano.specs -mfloat-abi=soft -mthumb -o "Drivers/STM32F1xx_HAL_Driver/Src/stm32f1xx_hal_rcc.o"
arm-none-eabi-gcc "../Drivers/STM32F1xx_HAL_Driver/Src/stm32f1xx_hal_rcc_ex.c" -mcpu=cortex-m3 -std=gnu11 -g3 -DDEBUG -DUSE_HAL_DRIVER -DSTM32F103xE -DFOR_TEST -c -I../Core/Inc -I../Drivers/STM32F1xx_HAL_Driver/Inc/Legacy -I../Drivers/STM32F1xx_HAL_Driver/Inc -I../Drivers/CMSIS/Device/ST/STM32F1xx/Include -I../Drivers/CMSIS/Include -O0 -ffunction-sections -fdata-sections -Wall -fstack-usage -fcyclomatic-complexity -MMD -MP -MF"Drivers/STM32F1xx_HAL_Driver/Src/stm32f1xx_hal_rcc_ex.d" -MT"Drivers/STM32F1xx_HAL_Driver/Src/stm32f1xx_hal_rcc_ex.o" --specs=nano.specs -mfloat-abi=soft -mthumb -o "Drivers/STM32F1xx_HAL_Driver/Src/stm32f1xx_hal_rcc_ex.o"
arm-none-eabi-gcc "../Drivers/STM32F1xx_HAL_Driver/Src/stm32f1xx_hal_tim.c" -mcpu=cortex-m3 -std=gnu11 -g3 -DDEBUG -DUSE_HAL_DRIVER -DSTM32F103xE -DFOR_TEST -c -I../Core/Inc -I../Drivers/STM32F1xx_HAL_Driver/Inc/Legacy -I../Drivers/STM32F1xx_HAL_Driver/Inc -I../Drivers/CMSIS/Device/ST/STM32F1xx/Include -I../Drivers/CMSIS/Include -O0 -ffunction-sections -fdata-sections -Wall -fstack-usage -fcyclomatic-complexity -MMD -MP -MF"Drivers/STM32F1xx_HAL_Driver/Src/stm32f1xx_hal_tim.d" -MT"Drivers/STM32F1xx_HAL_Driver/Src/stm32f1xx_hal_tim.o" --specs=nano.specs -mfloat-abi=soft -mthumb -o "Drivers/STM32F1xx_HAL_Driver/Src/stm32f1xx_hal_tim.o"
arm-none-eabi-gcc "../Drivers/STM32F1xx_HAL_Driver/Src/stm32f1xx_hal_tim_ex.c" -mcpu=cortex-m3 -std=gnu11 -g3 -DDEBUG -DUSE_HAL_DRIVER -DSTM32F103xE -DFOR_TEST -c -I../Core/Inc -I../Drivers/STM32F1xx_HAL_Driver/Inc/Legacy -I../Drivers/STM32F1xx_HAL_Driver/Inc -I../Drivers/CMSIS/Device/ST/STM32F1xx/Include -I../Drivers/CMSIS/Include -O0 -ffunction-sections -fdata-sections -Wall -fstack-usage -fcyclomatic-complexity -MMD -MP -MF"Drivers/STM32F1xx_HAL_Driver/Src/stm32f1xx_hal_tim_ex.d" -MT"Drivers/STM32F1xx_HAL_Driver/Src/stm32f1xx_hal_tim_ex.o" --specs=nano.specs -mfloat-abi=soft -mthumb -o "Drivers/STM32F1xx_HAL_Driver/Src/stm32f1xx_hal_tim_ex.o"
arm-none-eabi-gcc "../Drivers/STM32F1xx_HAL_Driver/Src/stm32f1xx_hal_uart.c" -mcpu=cortex-m3 -std=gnu11 -g3 -DDEBUG -DUSE_HAL_DRIVER -DSTM32F103xE -DFOR_TEST -c -I../Core/Inc -I../Drivers/STM32F1xx_HAL_Driver/Inc/Legacy -I../Drivers/STM32F1xx_HAL_Driver/Inc -I../Drivers/CMSIS/Device/ST/STM32F1xx/Include -I../Drivers/CMSIS/Include -O0 -ffunction-sections -fdata-sections -Wall -fstack-usage -fcyclomatic-complexity -MMD -MP -MF"Drivers/STM32F1xx_HAL_Driver/Src/stm32f1xx_hal_uart.d" -MT"Drivers/STM32F1xx_HAL_Driver/Src/stm32f1xx_hal_uart.o" --specs=nano.specs -mfloat-abi=soft -mthumb -o "Drivers/STM32F1xx_HAL_Driver/Src/stm32f1xx_hal_uart.o"
arm-none-eabi-gcc "../Drivers/BSP/OLED/oled.c" -mcpu=cortex-m3 -std=gnu11 -g3 -DDEBUG -DUSE_HAL_DRIVER -DSTM32F103xE -DFOR_TEST -c -I../Core/Inc -I../Drivers/STM32F1xx_HAL_Driver/Inc/Legacy -I../Drivers/STM32F1xx_HAL_Driver/Inc -I../Drivers/CMSIS/Device/ST/STM32F1xx/Include -I../Drivers/CMSIS/Include -O0 -ffunction-sections -fdata-sections -Wall -fstack-usage -fcyclomatic-complexity -MMD -MP -MF"Drivers/BSP/OLED/oled.d" -MT"Drivers/BSP/OLED/oled.o" --specs=nano.specs -mfloat-abi=soft -mthumb -o "Drivers/BSP/OLED/oled.o"
arm-none-eabi-gcc "../Drivers/BSP/LED/led.c" -mcpu=cortex-m3 -std=gnu11 -g3 -DDEBUG -DUSE_HAL_DRIVER -DSTM32F103xE -DFOR_TEST -c -I../Core/Inc -I../Drivers/STM32F1xx_HAL_Driver/Inc/Legacy -I../Drivers/STM32F1xx_HAL_Driver/Inc -I../Drivers/CMSIS/Device/ST/STM32F1xx/Include -I../Drivers/CMSIS/Include -O0 -ffunction-sections -fdata-sections -Wall -fstack-usage -fcyclomatic-complexity -MMD -MP -MF"Drivers/BSP/LED/led.d" -MT"Drivers/BSP/LED/led.o" --specs=nano.specs -mfloat-abi=soft -mthumb -o "Drivers/BSP/LED/led.o"
arm-none-eabi-gcc "../Drivers/BSP/KEY/key.c" -mcpu=cortex-m3 -std=gnu11 -g3 -DDEBUG -DUSE_HAL_DRIVER -DSTM32F103xE -DFOR_TEST -c -I../Core/Inc -I../Drivers/STM32F1xx_HAL_Driver/Inc/Legacy -I../Drivers/STM32F1xx_HAL_Driver/Inc -I../Drivers/CMSIS/Device/ST/STM32F1xx/Include -I../Drivers/CMSIS/Include -O0 -ffunction-sections -fdata-sections -Wall -fstack-usage -fcyclomatic-complexity -MMD -MP -MF"Drivers/BSP/KEY/key.d" -MT"Drivers/BSP/KEY/key.o" --specs=nano.specs -mfloat-abi=soft -mthumb -o "Drivers/BSP/KEY/key.o"
arm-none-eabi-gcc "../Drivers/BSP/BEEP/beep.c" -mcpu=cortex-m3 -std=gnu11 -g3 -DDEBUG -DUSE_HAL_DRIVER -DSTM32F103xE -DFOR_TEST -c -I../Core/Inc -I../Drivers/STM32F1xx_HAL_Driver/Inc/Legacy -I../Drivers/STM32F1xx_HAL_Driver/Inc -I../Drivers/CMSIS/Device/ST/STM32F1xx/Include -I../Drivers/CMSIS/Include -O0 -ffunction-sections -fdata-sections -Wall -fstack-usage -fcyclomatic-complexity -MMD -MP -MF"Drivers/BSP/BEEP/beep.d" -MT"Drivers/BSP/BEEP/beep.o" --specs=nano.specs -mfloat-abi=soft -mthumb -o "Drivers/BSP/BEEP/beep.o"
arm-none-eabi-gcc -mcpu=cortex-m3 -g3 -DDEBUG -c -x assembler-with-cpp -MMD -MP -MF"Core/Startup/startup_stm32f103zetx.d" -MT"Core/Startup/startup_stm32f103zetx.o" --specs=nano.specs -mfloat-abi=soft -mthumb -o "Core/Startup/startup_stm32f103zetx.o" "../Core/Startup/startup_stm32f103zetx.s"
arm-none-eabi-gcc "../Core/Src/gpio.c" -mcpu=cortex-m3 -std=gnu11 -g3 -DDEBUG -DUSE_HAL_DRIVER -DSTM32F103xE -DFOR_TEST -c -I../Core/Inc -I../Drivers/STM32F1xx_HAL_Driver/Inc/Legacy -I../Drivers/STM32F1xx_HAL_Driver/Inc -I../Drivers/CMSIS/Device/ST/STM32F1xx/Include -I../Drivers/CMSIS/Include -O0 -ffunction-sections -fdata-sections -Wall -fstack-usage -fcyclomatic-complexity -MMD -MP -MF"Core/Src/gpio.d" -MT"Core/Src/gpio.o" --specs=nano.specs -mfloat-abi=soft -mthumb -o "Core/Src/gpio.o"
arm-none-eabi-gcc "../Core/Src/main.c" -mcpu=cortex-m3 -std=gnu11 -g3 -DDEBUG -DUSE_HAL_DRIVER -DSTM32F103xE -DFOR_TEST -c -I../Core/Inc -I../Drivers/STM32F1xx_HAL_Driver/Inc/Legacy -I../Drivers/STM32F1xx_HAL_Driver/Inc -I../Drivers/CMSIS/Device/ST/STM32F1xx/Include -I../Drivers/CMSIS/Include -O0 -ffunction-sections -fdata-sections -Wall -fstack-usage -fcyclomatic-complexity -MMD -MP -MF"Core/Src/main.d" -MT"Core/Src/main.o" --specs=nano.specs -mfloat-abi=soft -mthumb -o "Core/Src/main.o"
arm-none-eabi-gcc "../Core/Src/stm32f1xx_hal_msp.c" -mcpu=cortex-m3 -std=gnu11 -g3 -DDEBUG -DUSE_HAL_DRIVER -DSTM32F103xE -DFOR_TEST -c -I../Core/Inc -I../Drivers/STM32F1xx_HAL_Driver/Inc/Legacy -I../Drivers/STM32F1xx_HAL_Driver/Inc -I../Drivers/CMSIS/Device/ST/STM32F1xx/Include -I../Drivers/CMSIS/Include -O0 -ffunction-sections -fdata-sections -Wall -fstack-usage -fcyclomatic-complexity -MMD -MP -MF"Core/Src/stm32f1xx_hal_msp.d" -MT"Core/Src/stm32f1xx_hal_msp.o" --specs=nano.specs -mfloat-abi=soft -mthumb -o "Core/Src/stm32f1xx_hal_msp.o"
arm-none-eabi-gcc "../Core/Src/stm32f1xx_it.c" -mcpu=cortex-m3 -std=gnu11 -g3 -DDEBUG -DUSE_HAL_DRIVER -DSTM32F103xE -DFOR_TEST -c -I../Core/Inc -I../Drivers/STM32F1xx_HAL_Driver/Inc/Legacy -I../Drivers/STM32F1xx_HAL_Driver/Inc -I../Drivers/CMSIS/Device/ST/STM32F1xx/Include -I../Drivers/CMSIS/Include -O0 -ffunction-sections -fdata-sections -Wall -fstack-usage -fcyclomatic-complexity -MMD -MP -MF"Core/Src/stm32f1xx_it.d" -MT"Core/Src/stm32f1xx_it.o" --specs=nano.specs -mfloat-abi=soft -mthumb -o "Core/Src/stm32f1xx_it.o"
arm-none-eabi-gcc "../Core/Src/syscalls.c" -mcpu=cortex-m3 -std=gnu11 -g3 -DDEBUG -DUSE_HAL_DRIVER -DSTM32F103xE -DFOR_TEST -c -I../Core/Inc -I../Drivers/STM32F1xx_HAL_Driver/Inc/Legacy -I../Drivers/STM32F1xx_HAL_Driver/Inc -I../Drivers/CMSIS/Device/ST/STM32F1xx/Include -I../Drivers/CMSIS/Include -O0 -ffunction-sections -fdata-sections -Wall -fstack-usage -fcyclomatic-complexity -MMD -MP -MF"Core/Src/syscalls.d" -MT"Core/Src/syscalls.o" --specs=nano.specs -mfloat-abi=soft -mthumb -o "Core/Src/syscalls.o"
arm-none-eabi-gcc "../Core/Src/sysmem.c" -mcpu=cortex-m3 -std=gnu11 -g3 -DDEBUG -DUSE_HAL_DRIVER -DSTM32F103xE -DFOR_TEST -c -I../Core/Inc -I../Drivers/STM32F1xx_HAL_Driver/Inc/Legacy -I../Drivers/STM32F1xx_HAL_Driver/Inc -I../Drivers/CMSIS/Device/ST/STM32F1xx/Include -I../Drivers/CMSIS/Include -O0 -ffunction-sections -fdata-sections -Wall -fstack-usage -fcyclomatic-complexity -MMD -MP -MF"Core/Src/sysmem.d" -MT"Core/Src/sysmem.o" --specs=nano.specs -mfloat-abi=soft -mthumb -o "Core/Src/sysmem.o"
arm-none-eabi-gcc "../Core/Src/system_stm32f1xx.c" -mcpu=cortex-m3 -std=gnu11 -g3 -DDEBUG -DUSE_HAL_DRIVER -DSTM32F103xE -DFOR_TEST -c -I../Core/Inc -I../Drivers/STM32F1xx_HAL_Driver/Inc/Legacy -I../Drivers/STM32F1xx_HAL_Driver/Inc -I../Drivers/CMSIS/Device/ST/STM32F1xx/Include -I../Drivers/CMSIS/Include -O0 -ffunction-sections -fdata-sections -Wall -fstack-usage -fcyclomatic-complexity -MMD -MP -MF"Core/Src/system_stm32f1xx.d" -MT"Core/Src/system_stm32f1xx.o" --specs=nano.specs -mfloat-abi=soft -mthumb -o "Core/Src/system_stm32f1xx.o"
arm-none-eabi-gcc "../Core/Src/usart.c" -mcpu=cortex-m3 -std=gnu11 -g3 -DDEBUG -DUSE_HAL_DRIVER -DSTM32F103xE -DFOR_TEST -c -I../Core/Inc -I../Drivers/STM32F1xx_HAL_Driver/Inc/Legacy -I../Drivers/STM32F1xx_HAL_Driver/Inc -I../Drivers/CMSIS/Device/ST/STM32F1xx/Include -I../Drivers/CMSIS/Include -O0 -ffunction-sections -fdata-sections -Wall -fstack-usage -fcyclomatic-complexity -MMD -MP -MF"Core/Src/usart.d" -MT"Core/Src/usart.o" --specs=nano.specs -mfloat-abi=soft -mthumb -o "Core/Src/usart.o"
arm-none-eabi-gcc -o "12_OLED.elf" @"objects.list"   -mcpu=cortex-m3 -T"H:\cubeide\STM32CubeIDE_DEMO\12_OLED\STM32F103ZETX_FLASH.ld" --specs=nosys.specs -Wl,-Map="12_OLED.map" -Wl,--gc-sections -static --specs=nano.specs -mfloat-abi=soft -mthumb -u _printf_float -u _scanf_float -Wl,--start-group -lc -lm -Wl,--end-group
Finished building target: 12_OLED.elf
 
arm-none-eabi-size   12_OLED.elf 
arm-none-eabi-objdump -h -S  12_OLED.elf  > "12_OLED.list"
   text	   data	    bss	    dec	    hex	filename
  40112	    476	   3212	  43800	   ab18	12_OLED.elf
arm-none-eabi-objcopy  -O ihex  12_OLED.elf  "12_OLED.hex"
Finished building: default.size.stdout
arm-none-eabi-objcopy  -O binary  12_OLED.elf  "12_OLED.bin"
 
Finished building: 12_OLED.list
Finished building: 12_OLED.hex
 
Finished building: 12_OLED.bin
 
 
18:25:27 **** Incremental Build of configuration Output for project 12_OLED ****
make -j16 all 
arm-none-eabi-size   12_OLED.elf 
   text	   data	    bss	    dec	    hex	filename
  40112	    476	   3212	  43800	   ab18	12_OLED.elf
Finished building: default.size.stdout
 
18:25:31 **** Incremental Build of configuration Output for project 12_OLED ****
make -j16 all 
arm-none-eabi-size   12_OLED.elf 
   text	   data	    bss	    dec	    hex	filename
  40112	    476	   3212	  43800	   ab18	12_OLED.elf
Finished building: default.size.stdout
 
18:28:09 **** Incremental Build of configuration Output for project 12_OLED ****
make -j16 all 
arm-none-eabi-gcc "../Drivers/BSP/OLED/oled.c" -mcpu=cortex-m3 -std=gnu11 -g3 -DDEBUG -DUSE_HAL_DRIVER -DSTM32F103xE -DFOR_TEST -c -I../Core/Inc -I../Drivers/STM32F1xx_HAL_Driver/Inc/Legacy -I../Drivers/STM32F1xx_HAL_Driver/Inc -I../Drivers/CMSIS/Device/ST/STM32F1xx/Include -I../Drivers/CMSIS/Include -O0 -ffunction-sections -fdata-sections -Wall -fstack-usage -fcyclomatic-complexity -MMD -MP -MF"Drivers/BSP/OLED/oled.d" -MT"Drivers/BSP/OLED/oled.o" --specs=nano.specs -mfloat-abi=soft -mthumb -o "Drivers/BSP/OLED/oled.o"
arm-none-eabi-gcc -o "12_OLED.elf" @"objects.list"   -mcpu=cortex-m3 -T"H:\cubeide\STM32CubeIDE_DEMO\12_OLED\STM32F103ZETX_FLASH.ld" --specs=nosys.specs -Wl,-Map="12_OLED.map" -Wl,--gc-sections -static --specs=nano.specs -mfloat-abi=soft -mthumb -u _printf_float -u _scanf_float -Wl,--start-group -lc -lm -Wl,--end-group
Finished building target: 12_OLED.elf
 
arm-none-eabi-size   12_OLED.elf 
arm-none-eabi-objdump -h -S  12_OLED.elf  > "12_OLED.list"
   text	   data	    bss	    dec	    hex	filename
  40112	    476	   3212	  43800	   ab18	12_OLED.elf
arm-none-eabi-objcopy  -O ihex  12_OLED.elf  "12_OLED.hex"
Finished building: default.size.stdout
arm-none-eabi-objcopy  -O binary  12_OLED.elf  "12_OLED.bin"
 
Finished building: 12_OLED.hex
Finished building: 12_OLED.list
 
Finished building: 12_OLED.bin
 
 
18:28:12 **** Incremental Build of configuration Output for project 12_OLED ****
make -j16 all 
arm-none-eabi-size   12_OLED.elf 
   text	   data	    bss	    dec	    hex	filename
  40112	    476	   3212	  43800	   ab18	12_OLED.elf
Finished building: default.size.stdout
 
18:28:42 **** Incremental Build of configuration Output for project 12_OLED ****
make -j16 all 
arm-none-eabi-gcc "../Drivers/BSP/OLED/oled.c" -mcpu=cortex-m3 -std=gnu11 -g3 -DDEBUG -DUSE_HAL_DRIVER -DSTM32F103xE -DFOR_TEST -c -I../Core/Inc -I../Drivers/STM32F1xx_HAL_Driver/Inc/Legacy -I../Drivers/STM32F1xx_HAL_Driver/Inc -I../Drivers/CMSIS/Device/ST/STM32F1xx/Include -I../Drivers/CMSIS/Include -O0 -ffunction-sections -fdata-sections -Wall -fstack-usage -fcyclomatic-complexity -MMD -MP -MF"Drivers/BSP/OLED/oled.d" -MT"Drivers/BSP/OLED/oled.o" --specs=nano.specs -mfloat-abi=soft -mthumb -o "Drivers/BSP/OLED/oled.o"
arm-none-eabi-gcc -o "12_OLED.elf" @"objects.list"   -mcpu=cortex-m3 -T"H:\cubeide\STM32CubeIDE_DEMO\12_OLED\STM32F103ZETX_FLASH.ld" --specs=nosys.specs -Wl,-Map="12_OLED.map" -Wl,--gc-sections -static --specs=nano.specs -mfloat-abi=soft -mthumb -u _printf_float -u _scanf_float -Wl,--start-group -lc -lm -Wl,--end-group
Finished building target: 12_OLED.elf
 
arm-none-eabi-size   12_OLED.elf 
arm-none-eabi-objdump -h -S  12_OLED.elf  > "12_OLED.list"
   text	   data	    bss	    dec	    hex	filename
  40112	    476	   3212	  43800	   ab18	12_OLED.elf
arm-none-eabi-objcopy  -O ihex  12_OLED.elf  "12_OLED.hex"
Finished building: default.size.stdout
arm-none-eabi-objcopy  -O binary  12_OLED.elf  "12_OLED.bin"
 
Finished building: 12_OLED.hex
Finished building: 12_OLED.list
 
Finished building: 12_OLED.bin
 
 
18:28:46 **** Incremental Build of configuration Output for project 12_OLED ****
make -j16 all 
arm-none-eabi-size   12_OLED.elf 
   text	   data	    bss	    dec	    hex	filename
  40112	    476	   3212	  43800	   ab18	12_OLED.elf
Finished building: default.size.stdout
 
18:29:20 **** Incremental Build of configuration Output for project 12_OLED ****
make -j16 all 
arm-none-eabi-gcc "../Drivers/BSP/OLED/oled.c" -mcpu=cortex-m3 -std=gnu11 -g3 -DDEBUG -DUSE_HAL_DRIVER -DSTM32F103xE -DFOR_TEST -c -I../Core/Inc -I../Drivers/STM32F1xx_HAL_Driver/Inc/Legacy -I../Drivers/STM32F1xx_HAL_Driver/Inc -I../Drivers/CMSIS/Device/ST/STM32F1xx/Include -I../Drivers/CMSIS/Include -O0 -ffunction-sections -fdata-sections -Wall -fstack-usage -fcyclomatic-complexity -MMD -MP -MF"Drivers/BSP/OLED/oled.d" -MT"Drivers/BSP/OLED/oled.o" --specs=nano.specs -mfloat-abi=soft -mthumb -o "Drivers/BSP/OLED/oled.o"
arm-none-eabi-gcc -o "12_OLED.elf" @"objects.list"   -mcpu=cortex-m3 -T"H:\cubeide\STM32CubeIDE_DEMO\12_OLED\STM32F103ZETX_FLASH.ld" --specs=nosys.specs -Wl,-Map="12_OLED.map" -Wl,--gc-sections -static --specs=nano.specs -mfloat-abi=soft -mthumb -u _printf_float -u _scanf_float -Wl,--start-group -lc -lm -Wl,--end-group
Finished building target: 12_OLED.elf
 
arm-none-eabi-size   12_OLED.elf 
arm-none-eabi-objdump -h -S  12_OLED.elf  > "12_OLED.list"
   text	   data	    bss	    dec	    hex	filename
  40112	    476	   3212	  43800	   ab18	12_OLED.elf
arm-none-eabi-objcopy  -O ihex  12_OLED.elf  "12_OLED.hex"
Finished building: default.size.stdout
arm-none-eabi-objcopy  -O binary  12_OLED.elf  "12_OLED.bin"
 
Finished building: 12_OLED.hex
Finished building: 12_OLED.list
 
Finished building: 12_OLED.bin
 
 
18:29:27 **** Incremental Build of configuration Output for project 12_OLED ****
make -j16 all 
arm-none-eabi-size   12_OLED.elf 
   text	   data	    bss	    dec	    hex	filename
  40112	    476	   3212	  43800	   ab18	12_OLED.elf
Finished building: default.size.stdout
 
18:30:04 **** Incremental Build of configuration Output for project 12_OLED ****
make -j16 all 
arm-none-eabi-gcc "../Drivers/BSP/OLED/oled.c" -mcpu=cortex-m3 -std=gnu11 -g3 -DDEBUG -DUSE_HAL_DRIVER -DSTM32F103xE -DFOR_TEST -c -I../Core/Inc -I../Drivers/STM32F1xx_HAL_Driver/Inc/Legacy -I../Drivers/STM32F1xx_HAL_Driver/Inc -I../Drivers/CMSIS/Device/ST/STM32F1xx/Include -I../Drivers/CMSIS/Include -O0 -ffunction-sections -fdata-sections -Wall -fstack-usage -fcyclomatic-complexity -MMD -MP -MF"Drivers/BSP/OLED/oled.d" -MT"Drivers/BSP/OLED/oled.o" --specs=nano.specs -mfloat-abi=soft -mthumb -o "Drivers/BSP/OLED/oled.o"
arm-none-eabi-gcc -o "12_OLED.elf" @"objects.list"   -mcpu=cortex-m3 -T"H:\cubeide\STM32CubeIDE_DEMO\12_OLED\STM32F103ZETX_FLASH.ld" --specs=nosys.specs -Wl,-Map="12_OLED.map" -Wl,--gc-sections -static --specs=nano.specs -mfloat-abi=soft -mthumb -u _printf_float -u _scanf_float -Wl,--start-group -lc -lm -Wl,--end-group
Finished building target: 12_OLED.elf
 
arm-none-eabi-size   12_OLED.elf 
arm-none-eabi-objdump -h -S  12_OLED.elf  > "12_OLED.list"
   text	   data	    bss	    dec	    hex	filename
  40112	    476	   3212	  43800	   ab18	12_OLED.elf
arm-none-eabi-objcopy  -O ihex  12_OLED.elf  "12_OLED.hex"
Finished building: default.size.stdout
arm-none-eabi-objcopy  -O binary  12_OLED.elf  "12_OLED.bin"
 
Finished building: 12_OLED.hex
Finished building: 12_OLED.list
 
Finished building: 12_OLED.bin
 
 
18:30:10 **** Incremental Build of configuration Output for project 12_OLED ****
make -j16 all 
arm-none-eabi-size   12_OLED.elf 
   text	   data	    bss	    dec	    hex	filename
  40112	    476	   3212	  43800	   ab18	12_OLED.elf
Finished building: default.size.stdout
 
09:08:31 **** Incremental Build of configuration Output for project 12_OLED ****
make -j16 all 
arm-none-eabi-gcc "../Drivers/BSP/OLED/oled.c" -mcpu=cortex-m3 -std=gnu11 -g3 -DDEBUG -DUSE_HAL_DRIVER -DSTM32F103xE -DFOR_TEST -c -I../Core/Inc -I../Drivers/STM32F1xx_HAL_Driver/Inc/Legacy -I../Drivers/STM32F1xx_HAL_Driver/Inc -I../Drivers/CMSIS/Device/ST/STM32F1xx/Include -I../Drivers/CMSIS/Include -O0 -ffunction-sections -fdata-sections -Wall -fstack-usage -fcyclomatic-complexity -MMD -MP -MF"Drivers/BSP/OLED/oled.d" -MT"Drivers/BSP/OLED/oled.o" --specs=nano.specs -mfloat-abi=soft -mthumb -o "Drivers/BSP/OLED/oled.o"
arm-none-eabi-gcc -o "12_OLED.elf" @"objects.list"   -mcpu=cortex-m3 -T"H:\cubeide\STM32CubeIDE_DEMO\12_OLED\STM32F103ZETX_FLASH.ld" --specs=nosys.specs -Wl,-Map="12_OLED.map" -Wl,--gc-sections -static --specs=nano.specs -mfloat-abi=soft -mthumb -u _printf_float -u _scanf_float -Wl,--start-group -lc -lm -Wl,--end-group
Finished building target: 12_OLED.elf
 
arm-none-eabi-size   12_OLED.elf 
arm-none-eabi-objdump -h -S  12_OLED.elf  > "12_OLED.list"
   text	   data	    bss	    dec	    hex	filename
  40104	    476	   3212	  43792	   ab10	12_OLED.elf
arm-none-eabi-objcopy  -O ihex  12_OLED.elf  "12_OLED.hex"
Finished building: default.size.stdout
arm-none-eabi-objcopy  -O binary  12_OLED.elf  "12_OLED.bin"
 
Finished building: 12_OLED.hex
Finished building: 12_OLED.list
 
Finished building: 12_OLED.bin
 
 
09:08:35 **** Incremental Build of configuration Output for project 12_OLED ****
make -j16 all 
arm-none-eabi-size   12_OLED.elf 
   text	   data	    bss	    dec	    hex	filename
  40104	    476	   3212	  43792	   ab10	12_OLED.elf
Finished building: default.size.stdout
 
09:09:02 **** Incremental Build of configuration Output for project 12_OLED ****
make -j16 all 
arm-none-eabi-gcc "../Drivers/BSP/OLED/oled.c" -mcpu=cortex-m3 -std=gnu11 -g3 -DDEBUG -DUSE_HAL_DRIVER -DSTM32F103xE -DFOR_TEST -c -I../Core/Inc -I../Drivers/STM32F1xx_HAL_Driver/Inc/Legacy -I../Drivers/STM32F1xx_HAL_Driver/Inc -I../Drivers/CMSIS/Device/ST/STM32F1xx/Include -I../Drivers/CMSIS/Include -O0 -ffunction-sections -fdata-sections -Wall -fstack-usage -fcyclomatic-complexity -MMD -MP -MF"Drivers/BSP/OLED/oled.d" -MT"Drivers/BSP/OLED/oled.o" --specs=nano.specs -mfloat-abi=soft -mthumb -o "Drivers/BSP/OLED/oled.o"
arm-none-eabi-gcc -o "12_OLED.elf" @"objects.list"   -mcpu=cortex-m3 -T"H:\cubeide\STM32CubeIDE_DEMO\12_OLED\STM32F103ZETX_FLASH.ld" --specs=nosys.specs -Wl,-Map="12_OLED.map" -Wl,--gc-sections -static --specs=nano.specs -mfloat-abi=soft -mthumb -u _printf_float -u _scanf_float -Wl,--start-group -lc -lm -Wl,--end-group
Finished building target: 12_OLED.elf
 
arm-none-eabi-size   12_OLED.elf 
arm-none-eabi-objdump -h -S  12_OLED.elf  > "12_OLED.list"
   text	   data	    bss	    dec	    hex	filename
  40112	    476	   3212	  43800	   ab18	12_OLED.elf
arm-none-eabi-objcopy  -O ihex  12_OLED.elf  "12_OLED.hex"
Finished building: default.size.stdout
arm-none-eabi-objcopy  -O binary  12_OLED.elf  "12_OLED.bin"
 
Finished building: 12_OLED.hex
Finished building: 12_OLED.list
 
Finished building: 12_OLED.bin
 
 
