../Drivers/BSP/OLED/oled.c:55:6:oled_refresh_gram	16	static
../Drivers/BSP/OLED/oled.c:77:13:oled_data_out	16	static
../Drivers/BSP/OLED/oled.c:88:13:oled_wr_byte	16	static
../Drivers/BSP/OLED/oled.c:105:6:oled_display_on	8	static
../Drivers/BSP/OLED/oled.c:117:6:oled_display_off	8	static
../Drivers/BSP/OLED/oled.c:129:6:oled_clear	16	static
../Drivers/BSP/OLED/oled.c:145:6:oled_draw_point	24	static
../Drivers/BSP/OLED/oled.c:174:6:oled_fill	32	static
../Drivers/BSP/OLED/oled.c:194:6:oled_show_char	40	static
../Drivers/BSP/OLED/oled.c:247:17:oled_pow	24	static
../Drivers/BSP/OLED/oled.c:267:6:oled_show_num	40	static
../Drivers/BSP/OLED/oled.c:300:6:oled_show_string	32	static
../Drivers/BSP/OLED/oled.c:332:6:oled_draw_bitmap	48	static
../Drivers/BSP/OLED/oled.c:378:6:show_font	48	static
../Drivers/BSP/OLED/oled.c:423:6:show_str	48	static
../Drivers/BSP/OLED/oled.c:473:6:oled_init	8	static
